Component: ARM Compiler 5.06 update 6 (build 750) Tool: armlink [4d35ed]

==============================================================================

Section Cross References

    system_gd32f10x.o(i.SystemCoreClockUpdate) refers to system_gd32f10x.o(.data) for SystemCoreClock
    system_gd32f10x.o(i.SystemInit) refers to system_gd32f10x.o(i.system_clock_config) for system_clock_config
    system_gd32f10x.o(i.system_clock_config) refers to system_gd32f10x.o(i.system_clock_108m_hxtal) for system_clock_108m_hxtal
    startup_gd32f10x_md.o(RESET) refers to startup_gd32f10x_md.o(STACK) for __initial_sp
    startup_gd32f10x_md.o(RESET) refers to startup_gd32f10x_md.o(.text) for Reset_Handler
    startup_gd32f10x_md.o(RESET) refers to gd32f10x_it.o(i.NMI_Handler) for NMI_Handler
    startup_gd32f10x_md.o(RESET) refers to gd32f10x_it.o(i.HardFault_Handler) for HardFault_Handler
    startup_gd32f10x_md.o(RESET) refers to gd32f10x_it.o(i.MemManage_Handler) for MemManage_Handler
    startup_gd32f10x_md.o(RESET) refers to gd32f10x_it.o(i.BusFault_Handler) for BusFault_Handler
    startup_gd32f10x_md.o(RESET) refers to gd32f10x_it.o(i.UsageFault_Handler) for UsageFault_Handler
    startup_gd32f10x_md.o(RESET) refers to port.o(.emb_text) for SVC_Handler
    startup_gd32f10x_md.o(RESET) refers to gd32f10x_it.o(i.DebugMon_Handler) for DebugMon_Handler
    startup_gd32f10x_md.o(RESET) refers to gd32f10x_it.o(i.SysTick_Handler) for SysTick_Handler
    startup_gd32f10x_md.o(RESET) refers to gd32f10x_it.o(i.EXTI10_15_IRQHandler) for EXTI10_15_IRQHandler
    startup_gd32f10x_md.o(.text) refers to system_gd32f10x.o(i.SystemInit) for SystemInit
    startup_gd32f10x_md.o(.text) refers to entry.o(.ARM.Collect$$$$00000000) for __main
    gd32f10x_adc.o(i.adc_deinit) refers to gd32f10x_rcu.o(i.rcu_periph_reset_enable) for rcu_periph_reset_enable
    gd32f10x_adc.o(i.adc_deinit) refers to gd32f10x_rcu.o(i.rcu_periph_reset_disable) for rcu_periph_reset_disable
    gd32f10x_bkp.o(i.bkp_deinit) refers to gd32f10x_rcu.o(i.rcu_bkp_reset_enable) for rcu_bkp_reset_enable
    gd32f10x_bkp.o(i.bkp_deinit) refers to gd32f10x_rcu.o(i.rcu_bkp_reset_disable) for rcu_bkp_reset_disable
    gd32f10x_can.o(i.can_debug_freeze_disable) refers to gd32f10x_dbg.o(i.dbg_periph_enable) for dbg_periph_enable
    gd32f10x_can.o(i.can_debug_freeze_enable) refers to gd32f10x_dbg.o(i.dbg_periph_enable) for dbg_periph_enable
    gd32f10x_can.o(i.can_deinit) refers to gd32f10x_rcu.o(i.rcu_periph_reset_enable) for rcu_periph_reset_enable
    gd32f10x_can.o(i.can_deinit) refers to gd32f10x_rcu.o(i.rcu_periph_reset_disable) for rcu_periph_reset_disable
    gd32f10x_can.o(i.can_interrupt_flag_get) refers to gd32f10x_can.o(i.can_receive_message_length_get) for can_receive_message_length_get
    gd32f10x_can.o(i.can_interrupt_flag_get) refers to gd32f10x_can.o(i.can_error_get) for can_error_get
    gd32f10x_dac.o(i.dac_deinit) refers to gd32f10x_rcu.o(i.rcu_periph_reset_enable) for rcu_periph_reset_enable
    gd32f10x_dac.o(i.dac_deinit) refers to gd32f10x_rcu.o(i.rcu_periph_reset_disable) for rcu_periph_reset_disable
    gd32f10x_dma.o(i.dma_channel_disable) refers to gd32f10x_dma.o(i.dma_periph_and_channel_check) for dma_periph_and_channel_check
    gd32f10x_dma.o(i.dma_channel_enable) refers to gd32f10x_dma.o(i.dma_periph_and_channel_check) for dma_periph_and_channel_check
    gd32f10x_dma.o(i.dma_circulation_disable) refers to gd32f10x_dma.o(i.dma_periph_and_channel_check) for dma_periph_and_channel_check
    gd32f10x_dma.o(i.dma_circulation_enable) refers to gd32f10x_dma.o(i.dma_periph_and_channel_check) for dma_periph_and_channel_check
    gd32f10x_dma.o(i.dma_deinit) refers to gd32f10x_dma.o(i.dma_periph_and_channel_check) for dma_periph_and_channel_check
    gd32f10x_dma.o(i.dma_init) refers to gd32f10x_dma.o(i.dma_periph_and_channel_check) for dma_periph_and_channel_check
    gd32f10x_dma.o(i.dma_interrupt_disable) refers to gd32f10x_dma.o(i.dma_periph_and_channel_check) for dma_periph_and_channel_check
    gd32f10x_dma.o(i.dma_interrupt_enable) refers to gd32f10x_dma.o(i.dma_periph_and_channel_check) for dma_periph_and_channel_check
    gd32f10x_dma.o(i.dma_memory_address_config) refers to gd32f10x_dma.o(i.dma_periph_and_channel_check) for dma_periph_and_channel_check
    gd32f10x_dma.o(i.dma_memory_increase_disable) refers to gd32f10x_dma.o(i.dma_periph_and_channel_check) for dma_periph_and_channel_check
    gd32f10x_dma.o(i.dma_memory_increase_enable) refers to gd32f10x_dma.o(i.dma_periph_and_channel_check) for dma_periph_and_channel_check
    gd32f10x_dma.o(i.dma_memory_to_memory_disable) refers to gd32f10x_dma.o(i.dma_periph_and_channel_check) for dma_periph_and_channel_check
    gd32f10x_dma.o(i.dma_memory_to_memory_enable) refers to gd32f10x_dma.o(i.dma_periph_and_channel_check) for dma_periph_and_channel_check
    gd32f10x_dma.o(i.dma_memory_width_config) refers to gd32f10x_dma.o(i.dma_periph_and_channel_check) for dma_periph_and_channel_check
[...]
    entry2.o(__vectab_stack_and_reset_area) refers to startup_gd32f10x_md.o(STACK) for __initial_sp
    entry2.o(__vectab_stack_and_reset_area) refers to entry.o(.ARM.Collect$$$$00000000) for __main
    entry5.o(.ARM.Collect$$$$00000004) refers to init.o(.text) for __scatterload
    entry9a.o(.ARM.Collect$$$$0000000B) refers to main.o(i.main) for main
    entry9b.o(.ARM.Collect$$$$0000000C) refers to main.o(i.main) for main
    init.o(.text) refers to entry5.o(.ARM.Collect$$$$00000004) for __main_after_scatterload


==============================================================================

Removing Unused input sections from the image.

    Removing system_gd32f10x.o(.rev16_text), (4 bytes).
    Removing system_gd32f10x.o(.revsh_text), (4 bytes).
    Removing system_gd32f10x.o(i.SystemCoreClockUpdate), (140 bytes).
    Removing system_gd32f10x.o(.data), (4 bytes).
    Removing startup_gd32f10x_md.o(HEAP), (8192 bytes).
    Removing gd32f10x_adc.o(.rev16_text), (4 bytes).
    Removing gd32f10x_adc.o(.revsh_text), (4 bytes).
    Removing gd32f10x_adc.o(i.adc_calibration_enable), (42 bytes).
    Removing gd32f10x_adc.o(i.adc_channel_length_config), (70 bytes).
    Removing gd32f10x_adc.o(i.adc_data_alignment_config), (22 bytes).
    Removing gd32f10x_adc.o(i.adc_deinit), (88 bytes).
    Removing gd32f10x_adc.o(i.adc_disable), (10 bytes).
    Removing gd32f10x_adc.o(i.adc_discontinuous_mode_config), (76 bytes).
    Removing gd32f10x_adc.o(i.adc_dma_mode_disable), (10 bytes).
    Removing gd32f10x_adc.o(i.adc_dma_mode_enable), (10 bytes).
    Removing gd32f10x_adc.o(i.adc_enable), (18 bytes).
    Removing gd32f10x_adc.o(i.adc_external_trigger_config), (62 bytes).
    Removing gd32f10x_adc.o(i.adc_external_trigger_source_config), (48 bytes).
    Removing gd32f10x_adc.o(i.adc_flag_clear), (8 bytes).
    Removing gd32f10x_adc.o(i.adc_flag_get), (14 bytes).
    Removing gd32f10x_adc.o(i.adc_inserted_channel_config), (120 bytes).
    Removing gd32f10x_adc.o(i.adc_inserted_channel_offset_config), (36 bytes).
    Removing gd32f10x_adc.o(i.adc_inserted_data_read), (46 bytes).
    Removing gd32f10x_adc.o(i.adc_inserted_software_startconv_flag_get), (16 bytes).
    Removing gd32f10x_adc.o(i.adc_interrupt_disable), (44 bytes).
    Removing gd32f10x_adc.o(i.adc_interrupt_enable), (44 bytes).
    Removing gd32f10x_adc.o(i.adc_interrupt_flag_clear), (8 bytes).
    Removing gd32f10x_adc.o(i.adc_interrupt_flag_get), (88 bytes).
    Removing gd32f10x_adc.o(i.adc_mode_config), (28 bytes).
    Removing gd32f10x_adc.o(i.adc_regular_channel_config), (172 bytes).
    Removing gd32f10x_adc.o(i.adc_regular_data_read), (8 bytes).
    Removing gd32f10x_adc.o(i.adc_regular_software_startconv_flag_get), (16 bytes).
    Removing gd32f10x_adc.o(i.adc_software_trigger_enable), (30 bytes).
    Removing gd32f10x_adc.o(i.adc_special_function_config), (90 bytes).
    Removing gd32f10x_adc.o(i.adc_sync_mode_convert_value_read), (12 bytes).
    Removing gd32f10x_adc.o(i.adc_tempsensor_vrefint_disable), (20 bytes).
    Removing gd32f10x_adc.o(i.adc_tempsensor_vrefint_enable), (20 bytes).
    Removing gd32f10x_adc.o(i.adc_watchdog_disable), (16 bytes).
    Removing gd32f10x_adc.o(i.adc_watchdog_group_channel_enable), (64 bytes).
    Removing gd32f10x_adc.o(i.adc_watchdog_single_channel_enable), (32 bytes).
    Removing gd32f10x_adc.o(i.adc_watchdog_threshold_config), (14 bytes).
    Removing gd32f10x_bkp.o(.rev16_text), (4 bytes).
    Removing gd32f10x_bkp.o(.revsh_text), (4 bytes).
    Removing gd32f10x_bkp.o(i.bkp_data_read), (56 bytes).
    Removing gd32f10x_bkp.o(i.bkp_data_write), (52 bytes).
    Removing gd32f10x_bkp.o(i.bkp_deinit), (12 bytes).
    Removing gd32f10x_bkp.o(i.bkp_flag_clear), (20 bytes).
    Removing gd32f10x_bkp.o(i.bkp_flag_get), (24 bytes).
    Removing gd32f10x_bkp.o(i.bkp_interrupt_disable), (20 bytes).
    Removing gd32f10x_bkp.o(i.bkp_interrupt_enable), (20 bytes).
    Removing gd32f10x_bkp.o(i.bkp_interrupt_flag_clear), (20 bytes).
    Removing gd32f10x_bkp.o(i.bkp_interrupt_flag_get), (24 bytes).
    Removing gd32f10x_bkp.o(i.bkp_rtc_calibration_output_disable), (20 bytes).
    Removing gd32f10x_bkp.o(i.bkp_rtc_calibration_output_enable), (20 bytes).
    Removing gd32f10x_bkp.o(i.bkp_rtc_calibration_value_set), (28 bytes).
    Removing gd32f10x_bkp.o(i.bkp_rtc_output_select), (28 bytes).
    Removing gd32f10x_bkp.o(i.bkp_rtc_signal_output_disable), (20 bytes).
    Removing gd32f10x_bkp.o(i.bkp_rtc_signal_output_enable), (20 bytes).
    Removing gd32f10x_bkp.o(i.bkp_tamper_active_level_set), (28 bytes).
    Removing gd32f10x_bkp.o(i.bkp_tamper_detection_disable), (20 bytes).
    Removing gd32f10x_bkp.o(i.bkp_tamper_detection_enable), (20 bytes).
    Removing gd32f10x_can.o(.rev16_text), (4 bytes).
    Removing gd32f10x_can.o(.revsh_text), (4 bytes).
    Removing gd32f10x_can.o(i.can1_filter_start_bank), (56 bytes).
    Removing gd32f10x_can.o(i.can_debug_freeze_disable), (32 bytes).
    Removing gd32f10x_can.o(i.can_debug_freeze_enable), (32 bytes).
    Removing gd32f10x_can.o(i.can_deinit), (32 bytes).
    Removing gd32f10x_can.o(i.can_error_get), (12 bytes).
    Removing gd32f10x_can.o(i.can_fifo_release), (32 bytes).
    Removing gd32f10x_can.o(i.can_filter_init), (272 bytes).
    Removing gd32f10x_can.o(i.can_flag_clear), (58 bytes).
    Removing gd32f10x_can.o(i.can_flag_get), (30 bytes).
    Removing gd32f10x_can.o(i.can_init), (290 bytes).
    Removing gd32f10x_can.o(i.can_interrupt_disable), (8 bytes).
    Removing gd32f10x_can.o(i.can_interrupt_enable), (8 bytes).
    Removing gd32f10x_can.o(i.can_interrupt_flag_clear), (60 bytes).
    Removing gd32f10x_can.o(i.can_interrupt_flag_get), (116 bytes).
    Removing gd32f10x_can.o(i.can_message_receive), (228 bytes).
    Removing gd32f10x_can.o(i.can_message_transmit), (336 bytes).
    Removing gd32f10x_can.o(i.can_receive_error_number_get), (8 bytes).
    Removing gd32f10x_can.o(i.can_receive_message_length_get), (26 bytes).
    Removing gd32f10x_can.o(i.can_struct_para_init), (158 bytes).
    Removing gd32f10x_can.o(i.can_time_trigger_mode_disable), (48 bytes).
    Removing gd32f10x_can.o(i.can_time_trigger_mode_enable), (48 bytes).
    Removing gd32f10x_can.o(i.can_transmission_stop), (80 bytes).
    Removing gd32f10x_can.o(i.can_transmit_error_number_get), (10 bytes).
    Removing gd32f10x_can.o(i.can_transmit_states), (124 bytes).
    Removing gd32f10x_can.o(i.can_wakeup), (48 bytes).
    Removing gd32f10x_can.o(i.can_working_mode_set), (168 bytes).
    Removing gd32f10x_crc.o(.rev16_text), (4 bytes).
    Removing gd32f10x_crc.o(.revsh_text), (4 bytes).
    Removing gd32f10x_crc.o(i.crc_block_data_calculate), (36 bytes).
    Removing gd32f10x_crc.o(i.crc_data_register_read), (12 bytes).
    Removing gd32f10x_crc.o(i.crc_data_register_reset), (20 bytes).
    Removing gd32f10x_crc.o(i.crc_deinit), (24 bytes).
    Removing gd32f10x_crc.o(i.crc_free_data_register_read), (12 bytes).
    Removing gd32f10x_crc.o(i.crc_free_data_register_write), (12 bytes).
    Removing gd32f10x_crc.o(i.crc_single_data_calculate), (16 bytes).
    Removing gd32f10x_dac.o(.rev16_text), (4 bytes).
    Removing gd32f10x_dac.o(.revsh_text), (4 bytes).
    Removing gd32f10x_dac.o(i.dac_concurrent_data_set), (64 bytes).
    Removing gd32f10x_dac.o(i.dac_concurrent_disable), (24 bytes).
    Removing gd32f10x_dac.o(i.dac_concurrent_enable), (24 bytes).
    Removing gd32f10x_dac.o(i.dac_concurrent_output_buffer_disable), (24 bytes).
    Removing gd32f10x_dac.o(i.dac_concurrent_output_buffer_enable), (24 bytes).
    Removing gd32f10x_dac.o(i.dac_concurrent_software_trigger_disable), (20 bytes).
    Removing gd32f10x_dac.o(i.dac_concurrent_software_trigger_enable), (20 bytes).
    Removing gd32f10x_dac.o(i.dac_data_set), (88 bytes).
    Removing gd32f10x_dac.o(i.dac_deinit), (20 bytes).
    Removing gd32f10x_dac.o(i.dac_disable), (36 bytes).
    Removing gd32f10x_dac.o(i.dac_dma_disable), (36 bytes).
    Removing gd32f10x_dac.o(i.dac_dma_enable), (36 bytes).
    Removing gd32f10x_dac.o(i.dac_enable), (36 bytes).
    Removing gd32f10x_dac.o(i.dac_lfsr_noise_config), (52 bytes).
    Removing gd32f10x_dac.o(i.dac_output_buffer_disable), (36 bytes).
    Removing gd32f10x_dac.o(i.dac_output_buffer_enable), (36 bytes).
    Removing gd32f10x_dac.o(i.dac_output_value_get), (28 bytes).
    Removing gd32f10x_dac.o(i.dac_software_trigger_disable), (36 bytes).
    Removing gd32f10x_dac.o(i.dac_software_trigger_enable), (36 bytes).
    Removing gd32f10x_dac.o(i.dac_triangle_noise_config), (52 bytes).
    Removing gd32f10x_dac.o(i.dac_trigger_disable), (36 bytes).
    Removing gd32f10x_dac.o(i.dac_trigger_enable), (36 bytes).
    Removing gd32f10x_dac.o(i.dac_trigger_source_config), (52 bytes).
    Removing gd32f10x_dac.o(i.dac_wave_bit_width_config), (52 bytes).
    Removing gd32f10x_dac.o(i.dac_wave_mode_config), (52 bytes).
    Removing gd32f10x_dbg.o(.rev16_text), (4 bytes).
    Removing gd32f10x_dbg.o(.revsh_text), (4 bytes).
    Removing gd32f10x_dbg.o(i.dbg_id_get), (12 bytes).
    Removing gd32f10x_dbg.o(i.dbg_low_power_disable), (16 bytes).
    Removing gd32f10x_dbg.o(i.dbg_low_power_enable), (16 bytes).
    Removing gd32f10x_dbg.o(i.dbg_periph_disable), (16 bytes).
    Removing gd32f10x_dbg.o(i.dbg_periph_enable), (16 bytes).
    Removing gd32f10x_dbg.o(i.dbg_trace_pin_disable), (20 bytes).
    Removing gd32f10x_dbg.o(i.dbg_trace_pin_enable), (20 bytes).
    Removing gd32f10x_dbg.o(i.dbg_trace_pin_mode_set), (28 bytes).
    Removing gd32f10x_dma.o(.rev16_text), (4 bytes).
    Removing gd32f10x_dma.o(.revsh_text), (4 bytes).
    Removing gd32f10x_dma.o(i.dma_channel_disable), (50 bytes).
    Removing gd32f10x_dma.o(i.dma_channel_enable), (50 bytes).
    Removing gd32f10x_dma.o(i.dma_circulation_disable), (50 bytes).
    Removing gd32f10x_dma.o(i.dma_circulation_enable), (50 bytes).
    Removing gd32f10x_dma.o(i.dma_deinit), (112 bytes).
    Removing gd32f10x_dma.o(i.dma_flag_clear), (16 bytes).
    Removing gd32f10x_dma.o(i.dma_flag_get), (24 bytes).
    Removing gd32f10x_dma.o(i.dma_init), (302 bytes).
    Removing gd32f10x_dma.o(i.dma_interrupt_disable), (50 bytes).
    Removing gd32f10x_dma.o(i.dma_interrupt_enable), (50 bytes).
    Removing gd32f10x_dma.o(i.dma_interrupt_flag_clear), (16 bytes).
    Removing gd32f10x_dma.o(i.dma_interrupt_flag_get), (130 bytes).
    Removing gd32f10x_dma.o(i.dma_memory_address_config), (36 bytes).
    Removing gd32f10x_dma.o(i.dma_memory_increase_disable), (50 bytes).
    Removing gd32f10x_dma.o(i.dma_memory_increase_enable), (50 bytes).
    Removing gd32f10x_dma.o(i.dma_memory_to_memory_disable), (50 bytes).
    Removing gd32f10x_dma.o(i.dma_memory_to_memory_enable), (50 bytes).
    Removing gd32f10x_dma.o(i.dma_memory_width_config), (58 bytes).
    Removing gd32f10x_dma.o(i.dma_periph_address_config), (36 bytes).
    Removing gd32f10x_dma.o(i.dma_periph_and_channel_check), (24 bytes).
    Removing gd32f10x_dma.o(i.dma_periph_increase_disable), (50 bytes).
    Removing gd32f10x_dma.o(i.dma_periph_increase_enable), (50 bytes).
    Removing gd32f10x_dma.o(i.dma_periph_width_config), (58 bytes).
    Removing gd32f10x_dma.o(i.dma_priority_config), (58 bytes).
    Removing gd32f10x_dma.o(i.dma_struct_para_init), (22 bytes).
    Removing gd32f10x_dma.o(i.dma_transfer_direction_config), (84 bytes).
    Removing gd32f10x_dma.o(i.dma_transfer_number_config), (38 bytes).
    Removing gd32f10x_dma.o(i.dma_transfer_number_get), (34 bytes).
    Removing gd32f10x_enet.o(.rev16_text), (4 bytes).
    Removing gd32f10x_enet.o(.revsh_text), (4 bytes).
    Removing gd32f10x_exmc.o(.rev16_text), (4 bytes).
    Removing gd32f10x_exmc.o(.revsh_text), (4 bytes).
    Removing gd32f10x_exmc.o(i.exmc_ecc_get), (12 bytes).
    Removing gd32f10x_exmc.o(i.exmc_flag_clear), (20 bytes).
    Removing gd32f10x_exmc.o(i.exmc_flag_get), (28 bytes).
    Removing gd32f10x_exmc.o(i.exmc_interrupt_disable), (20 bytes).
    Removing gd32f10x_exmc.o(i.exmc_interrupt_enable), (20 bytes).
    Removing gd32f10x_exmc.o(i.exmc_interrupt_flag_clear), (22 bytes).
    Removing gd32f10x_exmc.o(i.exmc_interrupt_flag_get), (38 bytes).
    Removing gd32f10x_exmc.o(i.exmc_nand_deinit), (42 bytes).
    Removing gd32f10x_exmc.o(i.exmc_nand_disable), (22 bytes).
    Removing gd32f10x_exmc.o(i.exmc_nand_ecc_config), (48 bytes).
    Removing gd32f10x_exmc.o(i.exmc_nand_enable), (22 bytes).
    Removing gd32f10x_exmc.o(i.exmc_nand_init), (174 bytes).
    Removing gd32f10x_exmc.o(i.exmc_nand_struct_para_init), (54 bytes).
    Removing gd32f10x_exmc.o(i.exmc_norsram_deinit), (52 bytes).
    Removing gd32f10x_exmc.o(i.exmc_norsram_disable), (22 bytes).
    Removing gd32f10x_exmc.o(i.exmc_norsram_enable), (22 bytes).
    Removing gd32f10x_exmc.o(i.exmc_norsram_init), (268 bytes).
    Removing gd32f10x_exmc.o(i.exmc_norsram_struct_para_init), (106 bytes).
    Removing gd32f10x_exmc.o(i.exmc_pccard_deinit), (40 bytes).
    Removing gd32f10x_exmc.o(i.exmc_pccard_disable), (24 bytes).
    Removing gd32f10x_exmc.o(i.exmc_pccard_enable), (24 bytes).
    Removing gd32f10x_exmc.o(i.exmc_pccard_init), (192 bytes).
    Removing gd32f10x_exmc.o(i.exmc_pccard_struct_para_init), (60 bytes).
    Removing gd32f10x_exti.o(.rev16_text), (4 bytes).
    Removing gd32f10x_exti.o(.revsh_text), (4 bytes).
    Removing gd32f10x_exti.o(i.exti_deinit), (28 bytes).
    Removing gd32f10x_exti.o(i.exti_event_disable), (16 bytes).
    Removing gd32f10x_exti.o(i.exti_event_enable), (16 bytes).
    Removing gd32f10x_exti.o(i.exti_flag_clear), (12 bytes).
    Removing gd32f10x_exti.o(i.exti_flag_get), (24 bytes).
    Removing gd32f10x_exti.o(i.exti_init), (184 bytes).
    Removing gd32f10x_exti.o(i.exti_interrupt_disable), (16 bytes).
    Removing gd32f10x_exti.o(i.exti_interrupt_enable), (16 bytes).
    Removing gd32f10x_exti.o(i.exti_software_interrupt_disable), (16 bytes).
    Removing gd32f10x_exti.o(i.exti_software_interrupt_enable), (16 bytes).
    Removing gd32f10x_fmc.o(.rev16_text), (4 bytes).
    Removing gd32f10x_fmc.o(.revsh_text), (4 bytes).
    Removing gd32f10x_fmc.o(i.fmc_bank0_erase), (68 bytes).
    Removing gd32f10x_fmc.o(i.fmc_bank0_lock), (20 bytes).
    Removing gd32f10x_fmc.o(i.fmc_bank0_ready_wait), (34 bytes).
    Removing gd32f10x_fmc.o(i.fmc_bank0_state_get), (48 bytes).
    Removing gd32f10x_fmc.o(i.fmc_bank0_unlock), (36 bytes).
    Removing gd32f10x_fmc.o(i.fmc_bank1_erase), (68 bytes).
    Removing gd32f10x_fmc.o(i.fmc_bank1_lock), (20 bytes).
    Removing gd32f10x_fmc.o(i.fmc_bank1_ready_wait), (34 bytes).
    Removing gd32f10x_fmc.o(i.fmc_bank1_state_get), (48 bytes).
    Removing gd32f10x_fmc.o(i.fmc_bank1_unlock), (36 bytes).
    Removing gd32f10x_fmc.o(i.fmc_flag_clear), (32 bytes).
    Removing gd32f10x_fmc.o(i.fmc_flag_get), (36 bytes).
    Removing gd32f10x_fmc.o(i.fmc_halfword_program), (192 bytes).
    Removing gd32f10x_fmc.o(i.fmc_interrupt_disable), (32 bytes).
    Removing gd32f10x_fmc.o(i.fmc_interrupt_enable), (32 bytes).
    Removing gd32f10x_fmc.o(i.fmc_interrupt_flag_clear), (32 bytes).
    Removing gd32f10x_fmc.o(i.fmc_interrupt_flag_get), (108 bytes).
    Removing gd32f10x_fmc.o(i.fmc_lock), (44 bytes).
    Removing gd32f10x_fmc.o(i.fmc_mass_erase), (196 bytes).
    Removing gd32f10x_fmc.o(i.fmc_page_erase), (236 bytes).
    Removing gd32f10x_fmc.o(i.fmc_unlock), (68 bytes).
    Removing gd32f10x_fmc.o(i.fmc_word_program), (192 bytes).
    Removing gd32f10x_fmc.o(i.fmc_wscnt_set), (24 bytes).
    Removing gd32f10x_fmc.o(i.ob_data_get), (16 bytes).
    Removing gd32f10x_fmc.o(i.ob_data_program), (68 bytes).
    Removing gd32f10x_fmc.o(i.ob_erase), (140 bytes).
    Removing gd32f10x_fmc.o(i.ob_lock), (20 bytes).
    Removing gd32f10x_fmc.o(i.ob_security_protection_config), (132 bytes).
    Removing gd32f10x_fmc.o(i.ob_spc_get), (24 bytes).
    Removing gd32f10x_fmc.o(i.ob_unlock), (48 bytes).
    Removing gd32f10x_fmc.o(i.ob_user_get), (16 bytes).
    Removing gd32f10x_fmc.o(i.ob_user_write), (96 bytes).
    Removing gd32f10x_fmc.o(i.ob_write_protection_enable), (168 bytes).
    Removing gd32f10x_fmc.o(i.ob_write_protection_get), (12 bytes).
    Removing gd32f10x_fwdgt.o(.rev16_text), (4 bytes).
    Removing gd32f10x_fwdgt.o(.revsh_text), (4 bytes).
    Removing gd32f10x_fwdgt.o(i.fwdgt_config), (104 bytes).
    Removing gd32f10x_fwdgt.o(i.fwdgt_counter_reload), (16 bytes).
    Removing gd32f10x_fwdgt.o(i.fwdgt_enable), (16 bytes).
    Removing gd32f10x_fwdgt.o(i.fwdgt_flag_get), (24 bytes).
    Removing gd32f10x_fwdgt.o(i.fwdgt_write_disable), (12 bytes).
    Removing gd32f10x_fwdgt.o(i.fwdgt_write_enable), (16 bytes).
    Removing gd32f10x_gpio.o(.rev16_text), (4 bytes).
    Removing gd32f10x_gpio.o(.revsh_text), (4 bytes).
    Removing gd32f10x_gpio.o(i.gpio_afio_deinit), (20 bytes).
    Removing gd32f10x_gpio.o(i.gpio_bit_reset), (4 bytes).
    Removing gd32f10x_gpio.o(i.gpio_bit_set), (4 bytes).
    Removing gd32f10x_gpio.o(i.gpio_deinit), (196 bytes).
    Removing gd32f10x_gpio.o(i.gpio_event_output_config), (28 bytes).
    Removing gd32f10x_gpio.o(i.gpio_event_output_disable), (20 bytes).
    Removing gd32f10x_gpio.o(i.gpio_event_output_enable), (20 bytes).
    Removing gd32f10x_gpio.o(i.gpio_exti_source_select), (152 bytes).
    Removing gd32f10x_gpio.o(i.gpio_input_port_get), (8 bytes).
    Removing gd32f10x_gpio.o(i.gpio_output_bit_get), (16 bytes).
    Removing gd32f10x_gpio.o(i.gpio_output_port_get), (8 bytes).
    Removing gd32f10x_gpio.o(i.gpio_pin_lock), (18 bytes).
    Removing gd32f10x_gpio.o(i.gpio_pin_remap_config), (144 bytes).
    Removing gd32f10x_gpio.o(i.gpio_port_write), (4 bytes).
    Removing gd32f10x_i2c.o(.rev16_text), (4 bytes).
    Removing gd32f10x_i2c.o(.revsh_text), (4 bytes).
    Removing gd32f10x_i2c.o(i.i2c_ack_config), (24 bytes).
    Removing gd32f10x_i2c.o(i.i2c_ackpos_config), (22 bytes).
    Removing gd32f10x_i2c.o(i.i2c_clock_config), (228 bytes).
    Removing gd32f10x_i2c.o(i.i2c_data_receive), (8 bytes).
    Removing gd32f10x_i2c.o(i.i2c_data_transmit), (6 bytes).
    Removing gd32f10x_i2c.o(i.i2c_deinit), (64 bytes).
    Removing gd32f10x_i2c.o(i.i2c_disable), (10 bytes).
    Removing gd32f10x_i2c.o(i.i2c_dma_enable), (16 bytes).
    Removing gd32f10x_i2c.o(i.i2c_dma_last_transfer_config), (16 bytes).
    Removing gd32f10x_i2c.o(i.i2c_dualaddr_disable), (10 bytes).
    Removing gd32f10x_i2c.o(i.i2c_dualaddr_enable), (12 bytes).
    Removing gd32f10x_i2c.o(i.i2c_enable), (10 bytes).
    Removing gd32f10x_i2c.o(i.i2c_flag_clear), (40 bytes).
    Removing gd32f10x_i2c.o(i.i2c_flag_get), (30 bytes).
    Removing gd32f10x_i2c.o(i.i2c_interrupt_disable), (26 bytes).
    Removing gd32f10x_i2c.o(i.i2c_interrupt_enable), (26 bytes).
    Removing gd32f10x_i2c.o(i.i2c_interrupt_flag_clear), (44 bytes).
    Removing gd32f10x_i2c.o(i.i2c_interrupt_flag_get), (92 bytes).
    Removing gd32f10x_i2c.o(i.i2c_master_addressing), (20 bytes).
    Removing gd32f10x_i2c.o(i.i2c_mode_addr_config), (28 bytes).
    Removing gd32f10x_i2c.o(i.i2c_pec_enable), (16 bytes).
    Removing gd32f10x_i2c.o(i.i2c_pec_transfer_enable), (16 bytes).
    Removing gd32f10x_i2c.o(i.i2c_pec_value_get), (10 bytes).
    Removing gd32f10x_i2c.o(i.i2c_slave_response_to_gcall_config), (16 bytes).
    Removing gd32f10x_i2c.o(i.i2c_smbus_arp_enable), (16 bytes).
    Removing gd32f10x_i2c.o(i.i2c_smbus_issue_alert), (16 bytes).
    Removing gd32f10x_i2c.o(i.i2c_smbus_type_config), (24 bytes).
    Removing gd32f10x_i2c.o(i.i2c_software_reset_config), (16 bytes).
    Removing gd32f10x_i2c.o(i.i2c_start_on_bus), (10 bytes).
    Removing gd32f10x_i2c.o(i.i2c_stop_on_bus), (10 bytes).
    Removing gd32f10x_i2c.o(i.i2c_stretch_scl_low_config), (16 bytes).
    Removing gd32f10x_misc.o(.rev16_text), (4 bytes).
    Removing gd32f10x_misc.o(.revsh_text), (4 bytes).
    Removing gd32f10x_misc.o(i.nvic_irq_disable), (24 bytes).
    Removing gd32f10x_misc.o(i.nvic_irq_enable), (172 bytes).
    Removing gd32f10x_misc.o(i.nvic_vector_table_set), (20 bytes).
    Removing gd32f10x_misc.o(i.system_lowpower_reset), (16 bytes).
    Removing gd32f10x_misc.o(i.system_lowpower_set), (16 bytes).
    Removing gd32f10x_misc.o(i.systick_clksource_set), (40 bytes).
    Removing gd32f10x_pmu.o(.rev16_text), (4 bytes).
    Removing gd32f10x_pmu.o(.revsh_text), (4 bytes).
    Removing gd32f10x_pmu.o(i.pmu_backup_write_disable), (20 bytes).
    Removing gd32f10x_pmu.o(i.pmu_backup_write_enable), (20 bytes).
    Removing gd32f10x_pmu.o(i.pmu_deinit), (20 bytes).
    Removing gd32f10x_pmu.o(i.pmu_flag_clear), (48 bytes).
    Removing gd32f10x_pmu.o(i.pmu_flag_get), (24 bytes).
    Removing gd32f10x_pmu.o(i.pmu_lvd_disable), (20 bytes).
    Removing gd32f10x_pmu.o(i.pmu_lvd_select), (48 bytes).
    Removing gd32f10x_pmu.o(i.pmu_to_deepsleepmode), (196 bytes).
    Removing gd32f10x_pmu.o(i.pmu_to_sleepmode), (28 bytes).
    Removing gd32f10x_pmu.o(i.pmu_to_standbymode), (52 bytes).
    Removing gd32f10x_pmu.o(i.pmu_wakeup_pin_disable), (20 bytes).
    Removing gd32f10x_pmu.o(i.pmu_wakeup_pin_enable), (20 bytes).
    Removing gd32f10x_pmu.o(.bss), (16 bytes).
    Removing gd32f10x_rcu.o(.rev16_text), (4 bytes).
    Removing gd32f10x_rcu.o(.revsh_text), (4 bytes).
    Removing gd32f10x_rcu.o(i.rcu_adc_clock_config), (72 bytes).
    Removing gd32f10x_rcu.o(i.rcu_ahb_clock_config), (24 bytes).
    Removing gd32f10x_rcu.o(i.rcu_all_reset_flag_clear), (20 bytes).
    Removing gd32f10x_rcu.o(i.rcu_apb1_clock_config), (24 bytes).
    Removing gd32f10x_rcu.o(i.rcu_apb2_clock_config), (24 bytes).
    Removing gd32f10x_rcu.o(i.rcu_bkp_reset_disable), (20 bytes).
    Removing gd32f10x_rcu.o(i.rcu_bkp_reset_enable), (20 bytes).
    Removing gd32f10x_rcu.o(i.rcu_ckout0_config), (24 bytes).
    Removing gd32f10x_rcu.o(i.rcu_clock_freq_get), (292 bytes).
    Removing gd32f10x_rcu.o(i.rcu_deepsleep_voltage_set), (16 bytes).
    Removing gd32f10x_rcu.o(i.rcu_deinit), (76 bytes).
    Removing gd32f10x_rcu.o(i.rcu_flag_get), (36 bytes).
    Removing gd32f10x_rcu.o(i.rcu_hxtal_clock_monitor_disable), (20 bytes).
    Removing gd32f10x_rcu.o(i.rcu_hxtal_clock_monitor_enable), (20 bytes).
    Removing gd32f10x_rcu.o(i.rcu_interrupt_disable), (32 bytes).
    Removing gd32f10x_rcu.o(i.rcu_interrupt_enable), (32 bytes).
    Removing gd32f10x_rcu.o(i.rcu_interrupt_flag_clear), (32 bytes).
    Removing gd32f10x_rcu.o(i.rcu_interrupt_flag_get), (36 bytes).
    Removing gd32f10x_rcu.o(i.rcu_irc8m_adjust_value_set), (28 bytes).
    Removing gd32f10x_rcu.o(i.rcu_osci_bypass_mode_disable), (92 bytes).
    Removing gd32f10x_rcu.o(i.rcu_osci_bypass_mode_enable), (92 bytes).
    Removing gd32f10x_rcu.o(i.rcu_osci_off), (32 bytes).
    Removing gd32f10x_rcu.o(i.rcu_osci_on), (32 bytes).
    Removing gd32f10x_rcu.o(i.rcu_osci_stab_wait), (224 bytes).
    Removing gd32f10x_rcu.o(i.rcu_periph_clock_disable), (32 bytes).
    Removing gd32f10x_rcu.o(i.rcu_periph_clock_sleep_disable), (32 bytes).
    Removing gd32f10x_rcu.o(i.rcu_periph_clock_sleep_enable), (32 bytes).
    Removing gd32f10x_rcu.o(i.rcu_periph_reset_disable), (32 bytes).
    Removing gd32f10x_rcu.o(i.rcu_periph_reset_enable), (32 bytes).
    Removing gd32f10x_rcu.o(i.rcu_pll_config), (32 bytes).
    Removing gd32f10x_rcu.o(i.rcu_predv0_config), (32 bytes).
    Removing gd32f10x_rcu.o(i.rcu_rtc_clock_config), (24 bytes).
    Removing gd32f10x_rcu.o(i.rcu_system_clock_source_config), (24 bytes).
    Removing gd32f10x_rcu.o(i.rcu_system_clock_source_get), (16 bytes).
    Removing gd32f10x_rcu.o(i.rcu_usb_clock_config), (24 bytes).
    Removing gd32f10x_rtc.o(.rev16_text), (4 bytes).
    Removing gd32f10x_rtc.o(.revsh_text), (4 bytes).
    Removing gd32f10x_rtc.o(i.rtc_alarm_config), (32 bytes).
    Removing gd32f10x_rtc.o(i.rtc_configuration_mode_enter), (20 bytes).
    Removing gd32f10x_rtc.o(i.rtc_configuration_mode_exit), (20 bytes).
    Removing gd32f10x_rtc.o(i.rtc_counter_get), (20 bytes).
    Removing gd32f10x_rtc.o(i.rtc_counter_set), (32 bytes).
    Removing gd32f10x_rtc.o(i.rtc_divider_get), (24 bytes).
    Removing gd32f10x_rtc.o(i.rtc_flag_clear), (16 bytes).
    Removing gd32f10x_rtc.o(i.rtc_flag_get), (24 bytes).
    Removing gd32f10x_rtc.o(i.rtc_interrupt_disable), (16 bytes).
    Removing gd32f10x_rtc.o(i.rtc_interrupt_enable), (16 bytes).
    Removing gd32f10x_rtc.o(i.rtc_interrupt_flag_clear), (16 bytes).
    Removing gd32f10x_rtc.o(i.rtc_interrupt_flag_get), (24 bytes).
    Removing gd32f10x_rtc.o(i.rtc_lwoff_wait), (20 bytes).
    Removing gd32f10x_rtc.o(i.rtc_prescaler_set), (32 bytes).
    Removing gd32f10x_rtc.o(i.rtc_register_sync_wait), (32 bytes).
    Removing gd32f10x_sdio.o(.rev16_text), (4 bytes).
    Removing gd32f10x_sdio.o(.revsh_text), (4 bytes).
    Removing gd32f10x_sdio.o(i.sdio_bus_mode_set), (28 bytes).
    Removing gd32f10x_sdio.o(i.sdio_ceata_command_completion_disable), (20 bytes).
    Removing gd32f10x_sdio.o(i.sdio_ceata_command_completion_enable), (20 bytes).
    Removing gd32f10x_sdio.o(i.sdio_ceata_command_disable), (20 bytes).
    Removing gd32f10x_sdio.o(i.sdio_ceata_command_enable), (20 bytes).
    Removing gd32f10x_sdio.o(i.sdio_ceata_interrupt_disable), (20 bytes).
    Removing gd32f10x_sdio.o(i.sdio_ceata_interrupt_enable), (20 bytes).
    Removing gd32f10x_sdio.o(i.sdio_clock_config), (36 bytes).
    Removing gd32f10x_sdio.o(i.sdio_clock_disable), (20 bytes).
    Removing gd32f10x_sdio.o(i.sdio_clock_enable), (20 bytes).
    Removing gd32f10x_sdio.o(i.sdio_command_index_get), (12 bytes).
    Removing gd32f10x_sdio.o(i.sdio_command_response_config), (44 bytes).
    Removing gd32f10x_sdio.o(i.sdio_csm_disable), (20 bytes).
    Removing gd32f10x_sdio.o(i.sdio_csm_enable), (20 bytes).
    Removing gd32f10x_sdio.o(i.sdio_data_config), (52 bytes).
    Removing gd32f10x_sdio.o(i.sdio_data_counter_get), (12 bytes).
    Removing gd32f10x_sdio.o(i.sdio_data_read), (12 bytes).
    Removing gd32f10x_sdio.o(i.sdio_data_transfer_config), (28 bytes).
    Removing gd32f10x_sdio.o(i.sdio_data_write), (12 bytes).
    Removing gd32f10x_sdio.o(i.sdio_deinit), (28 bytes).
    Removing gd32f10x_sdio.o(i.sdio_dma_disable), (20 bytes).
    Removing gd32f10x_sdio.o(i.sdio_dma_enable), (20 bytes).
    Removing gd32f10x_sdio.o(i.sdio_dsm_disable), (20 bytes).
    Removing gd32f10x_sdio.o(i.sdio_dsm_enable), (20 bytes).
    Removing gd32f10x_sdio.o(i.sdio_fifo_counter_get), (12 bytes).
    Removing gd32f10x_sdio.o(i.sdio_flag_clear), (12 bytes).
    Removing gd32f10x_sdio.o(i.sdio_flag_get), (20 bytes).
    Removing gd32f10x_sdio.o(i.sdio_hardware_clock_disable), (20 bytes).
    Removing gd32f10x_sdio.o(i.sdio_hardware_clock_enable), (20 bytes).
    Removing gd32f10x_sdio.o(i.sdio_interrupt_disable), (16 bytes).
    Removing gd32f10x_sdio.o(i.sdio_interrupt_enable), (16 bytes).
    Removing gd32f10x_sdio.o(i.sdio_interrupt_flag_clear), (12 bytes).
    Removing gd32f10x_sdio.o(i.sdio_interrupt_flag_get), (36 bytes).
    Removing gd32f10x_sdio.o(i.sdio_operation_disable), (20 bytes).
    Removing gd32f10x_sdio.o(i.sdio_operation_enable), (20 bytes).
    Removing gd32f10x_sdio.o(i.sdio_power_state_get), (12 bytes).
    Removing gd32f10x_sdio.o(i.sdio_power_state_set), (12 bytes).
    Removing gd32f10x_sdio.o(i.sdio_readwait_disable), (20 bytes).
    Removing gd32f10x_sdio.o(i.sdio_readwait_enable), (20 bytes).
    Removing gd32f10x_sdio.o(i.sdio_readwait_type_set), (40 bytes).
    Removing gd32f10x_sdio.o(i.sdio_response_get), (56 bytes).
    Removing gd32f10x_sdio.o(i.sdio_stop_readwait_disable), (20 bytes).
    Removing gd32f10x_sdio.o(i.sdio_stop_readwait_enable), (20 bytes).
    Removing gd32f10x_sdio.o(i.sdio_suspend_disable), (20 bytes).
    Removing gd32f10x_sdio.o(i.sdio_suspend_enable), (20 bytes).
    Removing gd32f10x_sdio.o(i.sdio_wait_type_set), (28 bytes).
    Removing gd32f10x_spi.o(.rev16_text), (4 bytes).
    Removing gd32f10x_spi.o(.revsh_text), (4 bytes).
    Removing gd32f10x_spi.o(i.i2s_disable), (10 bytes).
    Removing gd32f10x_spi.o(i.i2s_enable), (10 bytes).
    Removing gd32f10x_spi.o(i.i2s_init), (28 bytes).
    Removing gd32f10x_spi.o(i.i2s_psc_config), (164 bytes).
    Removing gd32f10x_spi.o(i.spi_bidirectional_transfer_config), (26 bytes).
    Removing gd32f10x_spi.o(i.spi_crc_error_clear), (10 bytes).
    Removing gd32f10x_spi.o(i.spi_crc_get), (16 bytes).
    Removing gd32f10x_spi.o(i.spi_crc_next), (10 bytes).
    Removing gd32f10x_spi.o(i.spi_crc_off), (10 bytes).
    Removing gd32f10x_spi.o(i.spi_crc_on), (10 bytes).
    Removing gd32f10x_spi.o(i.spi_crc_polynomial_get), (8 bytes).
    Removing gd32f10x_spi.o(i.spi_crc_polynomial_set), (12 bytes).
    Removing gd32f10x_spi.o(i.spi_disable), (10 bytes).
    Removing gd32f10x_spi.o(i.spi_dma_disable), (22 bytes).
    Removing gd32f10x_spi.o(i.spi_dma_enable), (22 bytes).
    Removing gd32f10x_spi.o(i.spi_enable), (10 bytes).
    Removing gd32f10x_spi.o(i.spi_i2s_data_frame_format_config), (16 bytes).
    Removing gd32f10x_spi.o(i.spi_i2s_data_receive), (8 bytes).
    Removing gd32f10x_spi.o(i.spi_i2s_data_transmit), (4 bytes).
    Removing gd32f10x_spi.o(i.spi_i2s_deinit), (88 bytes).
    Removing gd32f10x_spi.o(i.spi_i2s_flag_get), (16 bytes).
    Removing gd32f10x_spi.o(i.spi_i2s_interrupt_disable), (48 bytes).
    Removing gd32f10x_spi.o(i.spi_i2s_interrupt_enable), (48 bytes).
    Removing gd32f10x_spi.o(i.spi_i2s_interrupt_flag_get), (100 bytes).
    Removing gd32f10x_spi.o(i.spi_init), (50 bytes).
    Removing gd32f10x_spi.o(i.spi_nss_internal_high), (10 bytes).
    Removing gd32f10x_spi.o(i.spi_nss_internal_low), (10 bytes).
    Removing gd32f10x_spi.o(i.spi_nss_output_disable), (10 bytes).
    Removing gd32f10x_spi.o(i.spi_nss_output_enable), (10 bytes).
    Removing gd32f10x_spi.o(i.spi_struct_para_init), (16 bytes).
    Removing gd32f10x_timer.o(.rev16_text), (4 bytes).
    Removing gd32f10x_timer.o(.revsh_text), (4 bytes).
    Removing gd32f10x_timer.o(i.timer_auto_reload_shadow_disable), (10 bytes).
    Removing gd32f10x_timer.o(i.timer_auto_reload_shadow_enable), (10 bytes).
    Removing gd32f10x_timer.o(i.timer_automatic_output_disable), (10 bytes).
    Removing gd32f10x_timer.o(i.timer_automatic_output_enable), (10 bytes).
    Removing gd32f10x_timer.o(i.timer_autoreload_value_config), (4 bytes).
    Removing gd32f10x_timer.o(i.timer_break_config), (30 bytes).
    Removing gd32f10x_timer.o(i.timer_break_disable), (10 bytes).
    Removing gd32f10x_timer.o(i.timer_break_enable), (10 bytes).
    Removing gd32f10x_timer.o(i.timer_break_struct_para_init), (18 bytes).
    Removing gd32f10x_timer.o(i.timer_channel_capture_value_register_read), (42 bytes).
    Removing gd32f10x_timer.o(i.timer_channel_complementary_output_polarity_config), (70 bytes).
    Removing gd32f10x_timer.o(i.timer_channel_complementary_output_state_config), (70 bytes).
    Removing gd32f10x_timer.o(i.timer_channel_control_shadow_config), (24 bytes).
    Removing gd32f10x_timer.o(i.timer_channel_control_shadow_update_config), (26 bytes).
    Removing gd32f10x_timer.o(i.timer_channel_dma_request_source_select), (26 bytes).
    Removing gd32f10x_timer.o(i.timer_channel_input_capture_prescaler_config), (90 bytes).
    Removing gd32f10x_timer.o(i.timer_channel_input_struct_para_init), (16 bytes).
    Removing gd32f10x_timer.o(i.timer_channel_output_clear_config), (90 bytes).
    Removing gd32f10x_timer.o(i.timer_channel_output_config), (492 bytes).
    Removing gd32f10x_timer.o(i.timer_channel_output_fast_config), (90 bytes).
    Removing gd32f10x_timer.o(i.timer_channel_output_mode_config), (90 bytes).
    Removing gd32f10x_timer.o(i.timer_channel_output_polarity_config), (92 bytes).
    Removing gd32f10x_timer.o(i.timer_channel_output_pulse_value_config), (38 bytes).
    Removing gd32f10x_timer.o(i.timer_channel_output_shadow_config), (90 bytes).
    Removing gd32f10x_timer.o(i.timer_channel_output_state_config), (92 bytes).
    Removing gd32f10x_timer.o(i.timer_channel_output_struct_para_init), (16 bytes).
    Removing gd32f10x_timer.o(i.timer_counter_alignment), (16 bytes).
    Removing gd32f10x_timer.o(i.timer_counter_down_direction), (10 bytes).
    Removing gd32f10x_timer.o(i.timer_counter_read), (8 bytes).
    Removing gd32f10x_timer.o(i.timer_counter_up_direction), (10 bytes).
    Removing gd32f10x_timer.o(i.timer_counter_value_config), (4 bytes).
    Removing gd32f10x_timer.o(i.timer_deinit), (220 bytes).
    Removing gd32f10x_timer.o(i.timer_disable), (10 bytes).
    Removing gd32f10x_timer.o(i.timer_dma_disable), (8 bytes).
    Removing gd32f10x_timer.o(i.timer_dma_enable), (8 bytes).
    Removing gd32f10x_timer.o(i.timer_dma_transfer_config), (24 bytes).
    Removing gd32f10x_timer.o(i.timer_enable), (10 bytes).
    Removing gd32f10x_timer.o(i.timer_event_software_generate), (8 bytes).
    Removing gd32f10x_timer.o(i.timer_external_clock_mode0_config), (40 bytes).
    Removing gd32f10x_timer.o(i.timer_external_clock_mode1_config), (32 bytes).
    Removing gd32f10x_timer.o(i.timer_external_clock_mode1_disable), (10 bytes).
    Removing gd32f10x_timer.o(i.timer_external_trigger_as_external_clock_config), (166 bytes).
    Removing gd32f10x_timer.o(i.timer_external_trigger_config), (30 bytes).
    Removing gd32f10x_timer.o(i.timer_flag_clear), (6 bytes).
    Removing gd32f10x_timer.o(i.timer_flag_get), (16 bytes).
    Removing gd32f10x_timer.o(i.timer_hall_mode_config), (26 bytes).
    Removing gd32f10x_timer.o(i.timer_init), (224 bytes).
    Removing gd32f10x_timer.o(i.timer_input_capture_config), (326 bytes).
    Removing gd32f10x_timer.o(i.timer_input_pwm_capture_config), (356 bytes).
    Removing gd32f10x_timer.o(i.timer_input_trigger_source_select), (16 bytes).
    Removing gd32f10x_timer.o(i.timer_internal_clock_config), (10 bytes).
    Removing gd32f10x_timer.o(i.timer_internal_trigger_as_external_clock_config), (32 bytes).
    Removing gd32f10x_timer.o(i.timer_interrupt_disable), (8 bytes).
    Removing gd32f10x_timer.o(i.timer_interrupt_enable), (8 bytes).
    Removing gd32f10x_timer.o(i.timer_interrupt_flag_clear), (6 bytes).
    Removing gd32f10x_timer.o(i.timer_interrupt_flag_get), (24 bytes).
    Removing gd32f10x_timer.o(i.timer_master_output_trigger_source_select), (16 bytes).
    Removing gd32f10x_timer.o(i.timer_master_slave_mode_config), (26 bytes).
    Removing gd32f10x_timer.o(i.timer_prescaler_config), (16 bytes).
    Removing gd32f10x_timer.o(i.timer_prescaler_read), (10 bytes).
    Removing gd32f10x_timer.o(i.timer_primary_output_config), (24 bytes).
    Removing gd32f10x_timer.o(i.timer_quadrature_decoder_mode_config), (64 bytes).
    Removing gd32f10x_timer.o(i.timer_repetition_value_config), (4 bytes).
    Removing gd32f10x_timer.o(i.timer_single_pulse_mode_config), (26 bytes).
    Removing gd32f10x_timer.o(i.timer_slave_mode_select), (16 bytes).
    Removing gd32f10x_timer.o(i.timer_struct_para_init), (22 bytes).
    Removing gd32f10x_timer.o(i.timer_update_event_disable), (10 bytes).
    Removing gd32f10x_timer.o(i.timer_update_event_enable), (10 bytes).
    Removing gd32f10x_timer.o(i.timer_update_source_config), (26 bytes).
    Removing gd32f10x_usart.o(.rev16_text), (4 bytes).
    Removing gd32f10x_usart.o(.revsh_text), (4 bytes).
    Removing gd32f10x_usart.o(i.usart_address_config), (20 bytes).
    Removing gd32f10x_usart.o(i.usart_baudrate_set), (144 bytes).
    Removing gd32f10x_usart.o(i.usart_data_receive), (10 bytes).
    Removing gd32f10x_usart.o(i.usart_data_transmit), (8 bytes).
    Removing gd32f10x_usart.o(i.usart_deinit), (144 bytes).
    Removing gd32f10x_usart.o(i.usart_disable), (10 bytes).
    Removing gd32f10x_usart.o(i.usart_dma_receive_config), (16 bytes).
    Removing gd32f10x_usart.o(i.usart_dma_transmit_config), (16 bytes).
    Removing gd32f10x_usart.o(i.usart_enable), (10 bytes).
    Removing gd32f10x_usart.o(i.usart_flag_clear), (26 bytes).
    Removing gd32f10x_usart.o(i.usart_flag_get), (30 bytes).
    Removing gd32f10x_usart.o(i.usart_guard_time_config), (24 bytes).
    Removing gd32f10x_usart.o(i.usart_halfduplex_disable), (10 bytes).
    Removing gd32f10x_usart.o(i.usart_halfduplex_enable), (10 bytes).
    Removing gd32f10x_usart.o(i.usart_hardware_flow_cts_config), (16 bytes).
    Removing gd32f10x_usart.o(i.usart_hardware_flow_rts_config), (16 bytes).
    Removing gd32f10x_usart.o(i.usart_interrupt_disable), (26 bytes).
    Removing gd32f10x_usart.o(i.usart_interrupt_enable), (26 bytes).
    Removing gd32f10x_usart.o(i.usart_interrupt_flag_clear), (26 bytes).
    Removing gd32f10x_usart.o(i.usart_interrupt_flag_get), (56 bytes).
    Removing gd32f10x_usart.o(i.usart_irda_lowpower_config), (20 bytes).
    Removing gd32f10x_usart.o(i.usart_irda_mode_disable), (10 bytes).
    Removing gd32f10x_usart.o(i.usart_irda_mode_enable), (10 bytes).
    Removing gd32f10x_usart.o(i.usart_lin_break_detection_length_config), (20 bytes).
    Removing gd32f10x_usart.o(i.usart_lin_mode_disable), (10 bytes).
    Removing gd32f10x_usart.o(i.usart_lin_mode_enable), (10 bytes).
    Removing gd32f10x_usart.o(i.usart_mute_mode_disable), (10 bytes).
    Removing gd32f10x_usart.o(i.usart_mute_mode_enable), (10 bytes).
    Removing gd32f10x_usart.o(i.usart_mute_mode_wakeup_config), (16 bytes).
    Removing gd32f10x_usart.o(i.usart_parity_config), (16 bytes).
    Removing gd32f10x_usart.o(i.usart_prescaler_config), (16 bytes).
    Removing gd32f10x_usart.o(i.usart_receive_config), (16 bytes).
    Removing gd32f10x_usart.o(i.usart_send_break), (10 bytes).
    Removing gd32f10x_usart.o(i.usart_smartcard_mode_disable), (10 bytes).
    Removing gd32f10x_usart.o(i.usart_smartcard_mode_enable), (10 bytes).
    Removing gd32f10x_usart.o(i.usart_smartcard_mode_nack_disable), (10 bytes).
    Removing gd32f10x_usart.o(i.usart_smartcard_mode_nack_enable), (10 bytes).
    Removing gd32f10x_usart.o(i.usart_stop_bit_set), (16 bytes).
    Removing gd32f10x_usart.o(i.usart_synchronous_clock_config), (34 bytes).
    Removing gd32f10x_usart.o(i.usart_synchronous_clock_disable), (10 bytes).
    Removing gd32f10x_usart.o(i.usart_synchronous_clock_enable), (10 bytes).
    Removing gd32f10x_usart.o(i.usart_transmit_config), (16 bytes).
    Removing gd32f10x_usart.o(i.usart_word_length_set), (16 bytes).
    Removing gd32f10x_wwdgt.o(.rev16_text), (4 bytes).
    Removing gd32f10x_wwdgt.o(.revsh_text), (4 bytes).
    Removing gd32f10x_wwdgt.o(i.wwdgt_config), (56 bytes).
    Removing gd32f10x_wwdgt.o(i.wwdgt_counter_update), (28 bytes).
    Removing gd32f10x_wwdgt.o(i.wwdgt_deinit), (20 bytes).
    Removing gd32f10x_wwdgt.o(i.wwdgt_enable), (20 bytes).
    Removing gd32f10x_wwdgt.o(i.wwdgt_flag_clear), (20 bytes).
    Removing gd32f10x_wwdgt.o(i.wwdgt_flag_get), (24 bytes).
    Removing gd32f10x_wwdgt.o(i.wwdgt_interrupt_enable), (20 bytes).
    Removing gd32f10x_it.o(.rev16_text), (4 bytes).
    Removing gd32f10x_it.o(.revsh_text), (4 bytes).
    Removing main.o(.rev16_text), (4 bytes).
    Removing main.o(.revsh_text), (4 bytes).
    Removing systick.o(.rev16_text), (4 bytes).
    Removing systick.o(.revsh_text), (4 bytes).
    Removing systick.o(i.NVIC_SetPriority), (40 bytes).
    Removing systick.o(i.delay_1ms), (20 bytes).
    Removing systick.o(i.systick_config), (80 bytes).
    Removing gd32f10x_eval.o(.rev16_text), (4 bytes).
    Removing gd32f10x_eval.o(.revsh_text), (4 bytes).
    Removing gd32f10x_eval.o(i.gd_com_init), (180 bytes).
    Removing gd32f10x_eval.o(i.gd_key_init), (128 bytes).
    Removing gd32f10x_eval.o(i.gd_key_state_get), (32 bytes).
    Removing event_groups.o(i.prvTestWaitCondition), (30 bytes).
    Removing event_groups.o(i.vEventGroupClearBitsCallback), (16 bytes).
    Removing event_groups.o(i.vEventGroupDelete), (42 bytes).
    Removing event_groups.o(i.vEventGroupSetBitsCallback), (16 bytes).
    Removing event_groups.o(i.xEventGroupClearBits), (32 bytes).
    Removing event_groups.o(i.xEventGroupCreate), (26 bytes).
    Removing event_groups.o(i.xEventGroupGetBitsFromISR), (44 bytes).
    Removing event_groups.o(i.xEventGroupSetBits), (146 bytes).
    Removing event_groups.o(i.xEventGroupSync), (168 bytes).
    Removing event_groups.o(i.xEventGroupWaitBits), (204 bytes).
    Removing list.o(i.vListInsertEnd), (24 bytes).
    Removing queue.o(i.prvCopyDataFromQueue), (42 bytes).
    Removing queue.o(i.prvCopyDataToQueue), (106 bytes).
    Removing queue.o(i.prvInitialiseNewQueue), (38 bytes).
    Removing queue.o(i.prvIsQueueEmpty), (26 bytes).
    Removing queue.o(i.prvIsQueueFull), (30 bytes).
    Removing queue.o(i.prvUnlockQueue), (126 bytes).
    Removing queue.o(i.uxQueueMessagesWaiting), (18 bytes).
    Removing queue.o(i.uxQueueMessagesWaitingFromISR), (8 bytes).
    Removing queue.o(i.uxQueueSpacesAvailable), (24 bytes).
    Removing queue.o(i.vQueueDelete), (14 bytes).
    Removing queue.o(i.xQueueGenericCreate), (76 bytes).
    Removing queue.o(i.xQueueGenericReset), (160 bytes).
    Removing queue.o(i.xQueueGenericSend), (280 bytes).
    Removing queue.o(i.xQueueGenericSendFromISR), (152 bytes).
    Removing queue.o(i.xQueueGiveFromISR), (132 bytes).
    Removing queue.o(i.xQueueIsQueueEmptyFromISR), (16 bytes).
    Removing queue.o(i.xQueueIsQueueFullFromISR), (22 bytes).
    Removing queue.o(i.xQueuePeek), (268 bytes).
    Removing queue.o(i.xQueuePeekFromISR), (74 bytes).
    Removing queue.o(i.xQueueReceive), (260 bytes).
    Removing queue.o(i.xQueueReceiveFromISR), (140 bytes).
    Removing queue.o(i.xQueueSemaphoreTake), (240 bytes).
    Removing stream_buffer.o(i.prvBytesInBuffer), (24 bytes).
    Removing stream_buffer.o(i.prvInitialiseNewStreamBuffer), (42 bytes).
    Removing stream_buffer.o(i.prvReadBytesFromBuffer), (76 bytes).
    Removing stream_buffer.o(i.prvReadMessageFromBuffer), (90 bytes).
    Removing stream_buffer.o(i.prvWriteBytesToBuffer), (76 bytes).
    Removing stream_buffer.o(i.prvWriteMessageToBuffer), (88 bytes).
    Removing stream_buffer.o(i.vStreamBufferDelete), (32 bytes).
    Removing stream_buffer.o(i.xStreamBufferBytesAvailable), (18 bytes).
    Removing stream_buffer.o(i.xStreamBufferGenericCreate), (82 bytes).
    Removing stream_buffer.o(i.xStreamBufferIsEmpty), (22 bytes).
    Removing stream_buffer.o(i.xStreamBufferIsFull), (40 bytes).
    Removing stream_buffer.o(i.xStreamBufferNextMessageLengthBytes), (52 bytes).
    Removing stream_buffer.o(i.xStreamBufferReceive), (176 bytes).
    Removing stream_buffer.o(i.xStreamBufferReceiveCompletedFromISR), (80 bytes).
    Removing stream_buffer.o(i.xStreamBufferReceiveFromISR), (132 bytes).
    Removing stream_buffer.o(i.xStreamBufferReset), (56 bytes).
    Removing stream_buffer.o(i.xStreamBufferSend), (226 bytes).
    Removing stream_buffer.o(i.xStreamBufferSendCompletedFromISR), (80 bytes).
    Removing stream_buffer.o(i.xStreamBufferSendFromISR), (134 bytes).
    Removing stream_buffer.o(i.xStreamBufferSetTriggerLevel), (26 bytes).
    Removing stream_buffer.o(i.xStreamBufferSpacesAvailable), (40 bytes).
    Removing tasks.o(i.pcTaskGetName), (24 bytes).
    Removing tasks.o(i.prvTaskIsTaskSuspended), (64 bytes).
    Removing tasks.o(i.ulTaskGenericNotifyTake), (136 bytes).
    Removing tasks.o(i.ulTaskGenericNotifyValueClear), (64 bytes).
    Removing tasks.o(i.uxTaskGetNumberOfTasks), (12 bytes).
    Removing tasks.o(i.uxTaskPriorityGet), (36 bytes).
    Removing tasks.o(i.uxTaskPriorityGetFromISR), (56 bytes).
    Removing tasks.o(i.uxTaskResetEventItemValue), (28 bytes).
    Removing tasks.o(i.vTaskDelete), (212 bytes).
    Removing tasks.o(i.vTaskEndScheduler), (36 bytes).
    Removing tasks.o(i.vTaskGenericNotifyGiveFromISR), (336 bytes).
    Removing tasks.o(i.vTaskInternalSetTimeOutState), (24 bytes).
    Removing tasks.o(i.vTaskMissedYield), (12 bytes).
    Removing tasks.o(i.vTaskPlaceOnEventList), (32 bytes).
    Removing tasks.o(i.vTaskPlaceOnUnorderedEventList), (80 bytes).
    Removing tasks.o(i.vTaskPrioritySet), (284 bytes).
    Removing tasks.o(i.vTaskRemoveFromUnorderedEventList), (208 bytes).
    Removing tasks.o(i.vTaskResume), (172 bytes).
    Removing tasks.o(i.vTaskSetTimeOutState), (36 bytes).
    Removing tasks.o(i.vTaskSuspend), (216 bytes).
    Removing tasks.o(i.xTaskCatchUpTicks), (40 bytes).
    Removing tasks.o(i.xTaskCheckForTimeOut), (96 bytes).
    Removing tasks.o(i.xTaskDelayUntil), (116 bytes).
    Removing tasks.o(i.xTaskGenericNotify), (332 bytes).
    Removing tasks.o(i.xTaskGenericNotifyFromISR), (504 bytes).
    Removing tasks.o(i.xTaskGenericNotifyStateClear), (64 bytes).
    Removing tasks.o(i.xTaskGenericNotifyWait), (172 bytes).
    Removing tasks.o(i.xTaskGetCurrentTaskHandle), (12 bytes).
    Removing tasks.o(i.xTaskGetTickCount), (12 bytes).
    Removing tasks.o(i.xTaskGetTickCountFromISR), (12 bytes).
    Removing tasks.o(i.xTaskRemoveFromEventList), (264 bytes).
    Removing tasks.o(i.xTaskResumeFromISR), (216 bytes).
    Removing heap_4.o(i.pvPortCalloc), (54 bytes).
    Removing heap_4.o(i.vPortGetHeapStats), (128 bytes).
    Removing heap_4.o(i.vPortInitialiseBlocks), (2 bytes).
    Removing heap_4.o(i.xPortGetFreeHeapSize), (12 bytes).
    Removing heap_4.o(i.xPortGetMinimumEverFreeHeapSize), (12 bytes).
    Removing port.o(i.vPortEndScheduler), (2 bytes).
    Removing port.o(i.xPortSysTickHandler), (52 bytes).

686 unused section(s) (total 39916 bytes) removed from the image.

==============================================================================

Image Symbol Table

    Local Symbols

    Symbol Name                              Value     Ov Type        Size  Object(Section)

    ../clib/microlib/init/entry.s            0x00000000   Number         0  entry.o ABSOLUTE
    ../clib/microlib/init/entry.s            0x00000000   Number         0  entry2.o ABSOLUTE
    ../clib/microlib/init/entry.s            0x00000000   Number         0  entry5.o ABSOLUTE
    ../clib/microlib/init/entry.s            0x00000000   Number         0  entry7a.o ABSOLUTE
    ../clib/microlib/init/entry.s            0x00000000   Number         0  entry11b.o ABSOLUTE
    ../clib/microlib/init/entry.s            0x00000000   Number         0  entry7b.o ABSOLUTE
    ../clib/microlib/init/entry.s            0x00000000   Number         0  entry10b.o ABSOLUTE
    ../clib/microlib/init/entry.s            0x00000000   Number         0  entry9a.o ABSOLUTE
    ../clib/microlib/init/entry.s            0x00000000   Number         0  entry11a.o ABSOLUTE
    ../clib/microlib/init/entry.s            0x00000000   Number         0  entry8a.o ABSOLUTE
    ../clib/microlib/init/entry.s            0x00000000   Number         0  entry9b.o ABSOLUTE
    ../clib/microlib/init/entry.s            0x00000000   Number         0  entry10a.o ABSOLUTE
    ../clib/microlib/init/entry.s            0x00000000   Number         0  entry8b.o ABSOLUTE
    ../clib/microlib/string/memcpy.c         0x00000000   Number         0  memcpyb.o ABSOLUTE
    ../clib/microlib/string/memcpy.c         0x00000000   Number         0  memcpya.o ABSOLUTE
    ../clib/microlib/string/memset.c         0x00000000   Number         0  memseta.o ABSOLUTE
    ..\CMSIS\system_gd32f10x.c               0x00000000   Number         0  system_gd32f10x.o ABSOLUTE
    ..\FreeRTOS\croutine.c                   0x00000000   Number         0  croutine.o ABSOLUTE
    ..\FreeRTOS\event_groups.c               0x00000000   Number         0  event_groups.o ABSOLUTE
    ..\FreeRTOS\list.c                       0x00000000   Number         0  list.o ABSOLUTE
    ..\FreeRTOS\portable\MemMang\heap_4.c    0x00000000   Number         0  heap_4.o ABSOLUTE
    ..\FreeRTOS\portable\RVDS\ARM_CM3\port.c 0x00000000   Number         0  port.o ABSOLUTE
    ..\FreeRTOS\queue.c                      0x00000000   Number         0  queue.o ABSOLUTE
    ..\FreeRTOS\stream_buffer.c              0x00000000   Number         0  stream_buffer.o ABSOLUTE
    ..\FreeRTOS\tasks.c                      0x00000000   Number         0  tasks.o ABSOLUTE
    ..\FreeRTOS\timers.c                     0x00000000   Number         0  timers.o ABSOLUTE
    ..\Library\Source\gd32f10x_adc.c         0x00000000   Number         0  gd32f10x_adc.o ABSOLUTE
    ..\Library\Source\gd32f10x_bkp.c         0x00000000   Number         0  gd32f10x_bkp.o ABSOLUTE
    ..\Library\Source\gd32f10x_can.c         0x00000000   Number         0  gd32f10x_can.o ABSOLUTE
    ..\Library\Source\gd32f10x_crc.c         0x00000000   Number         0  gd32f10x_crc.o ABSOLUTE
    ..\Library\Source\gd32f10x_dac.c         0x00000000   Number         0  gd32f10x_dac.o ABSOLUTE
    ..\Library\Source\gd32f10x_dbg.c         0x00000000   Number         0  gd32f10x_dbg.o ABSOLUTE
    ..\Library\Source\gd32f10x_dma.c         0x00000000   Number         0  gd32f10x_dma.o ABSOLUTE
    ..\Library\Source\gd32f10x_enet.c        0x00000000   Number         0  gd32f10x_enet.o ABSOLUTE
    ..\Library\Source\gd32f10x_exmc.c        0x00000000   Number         0  gd32f10x_exmc.o ABSOLUTE
    ..\Library\Source\gd32f10x_exti.c        0x00000000   Number         0  gd32f10x_exti.o ABSOLUTE
    ..\Library\Source\gd32f10x_fmc.c         0x00000000   Number         0  gd32f10x_fmc.o ABSOLUTE
    ..\Library\Source\gd32f10x_fwdgt.c       0x00000000   Number         0  gd32f10x_fwdgt.o ABSOLUTE
    ..\Library\Source\gd32f10x_gpio.c        0x00000000   Number         0  gd32f10x_gpio.o ABSOLUTE
    ..\Library\Source\gd32f10x_i2c.c         0x00000000   Number         0  gd32f10x_i2c.o ABSOLUTE
    ..\Library\Source\gd32f10x_misc.c        0x00000000   Number         0  gd32f10x_misc.o ABSOLUTE
    ..\Library\Source\gd32f10x_pmu.c         0x00000000   Number         0  gd32f10x_pmu.o ABSOLUTE
    ..\Library\Source\gd32f10x_rcu.c         0x00000000   Number         0  gd32f10x_rcu.o ABSOLUTE
    ..\Library\Source\gd32f10x_rtc.c         0x00000000   Number         0  gd32f10x_rtc.o ABSOLUTE
    ..\Library\Source\gd32f10x_sdio.c        0x00000000   Number         0  gd32f10x_sdio.o ABSOLUTE
    ..\Library\Source\gd32f10x_spi.c         0x00000000   Number         0  gd32f10x_spi.o ABSOLUTE
    ..\Library\Source\gd32f10x_timer.c       0x00000000   Number         0  gd32f10x_timer.o ABSOLUTE
    ..\Library\Source\gd32f10x_usart.c       0x00000000   Number         0  gd32f10x_usart.o ABSOLUTE
    ..\Library\Source\gd32f10x_wwdgt.c       0x00000000   Number         0  gd32f10x_wwdgt.o ABSOLUTE
    ..\Startup\startup_gd32f10x_md.s         0x00000000   Number         0  startup_gd32f10x_md.o ABSOLUTE
    ..\User\gd32f10x_eval.c                  0x00000000   Number         0  gd32f10x_eval.o ABSOLUTE
    ..\User\gd32f10x_it.c                    0x00000000   Number         0  gd32f10x_it.o ABSOLUTE
    ..\User\main.c                           0x00000000   Number         0  main.o ABSOLUTE
    ..\User\systick.c                        0x00000000   Number         0  systick.o ABSOLUTE
    ..\\CMSIS\\system_gd32f10x.c             0x00000000   Number         0  system_gd32f10x.o ABSOLUTE
    ..\\FreeRTOS\\portable\\RVDS\\ARM_CM3\\port.c 0x00000000   Number         0  port.o ABSOLUTE
    ..\\Library\\Source\\gd32f10x_adc.c      0x00000000   Number         0  gd32f10x_adc.o ABSOLUTE
    ..\\Library\\Source\\gd32f10x_bkp.c      0x00000000   Number         0  gd32f10x_bkp.o ABSOLUTE
    ..\\Library\\Source\\gd32f10x_can.c      0x00000000   Number         0  gd32f10x_can.o ABSOLUTE
    ..\\Library\\Source\\gd32f10x_crc.c      0x00000000   Number         0  gd32f10x_crc.o ABSOLUTE
    ..\\Library\\Source\\gd32f10x_dac.c      0x00000000   Number         0  gd32f10x_dac.o ABSOLUTE
    ..\\Library\\Source\\gd32f10x_dbg.c      0x00000000   Number         0  gd32f10x_dbg.o ABSOLUTE
    ..\\Library\\Source\\gd32f10x_dma.c      0x00000000   Number         0  gd32f10x_dma.o ABSOLUTE
    ..\\Library\\Source\\gd32f10x_enet.c     0x00000000   Number         0  gd32f10x_enet.o ABSOLUTE
    ..\\Library\\Source\\gd32f10x_exmc.c     0x00000000   Number         0  gd32f10x_exmc.o ABSOLUTE
    ..\\Library\\Source\\gd32f10x_exti.c     0x00000000   Number         0  gd32f10x_exti.o ABSOLUTE
    ..\\Library\\Source\\gd32f10x_fmc.c      0x00000000   Number         0  gd32f10x_fmc.o ABSOLUTE
    ..\\Library\\Source\\gd32f10x_fwdgt.c    0x00000000   Number         0  gd32f10x_fwdgt.o ABSOLUTE
    ..\\Library\\Source\\gd32f10x_gpio.c     0x00000000   Number         0  gd32f10x_gpio.o ABSOLUTE
    ..\\Library\\Source\\gd32f10x_i2c.c      0x00000000   Number         0  gd32f10x_i2c.o ABSOLUTE
    ..\\Library\\Source\\gd32f10x_misc.c     0x00000000   Number         0  gd32f10x_misc.o ABSOLUTE
    ..\\Library\\Source\\gd32f10x_pmu.c      0x00000000   Number         0  gd32f10x_pmu.o ABSOLUTE
    ..\\Library\\Source\\gd32f10x_rcu.c      0x00000000   Number         0  gd32f10x_rcu.o ABSOLUTE
    ..\\Library\\Source\\gd32f10x_rtc.c      0x00000000   Number         0  gd32f10x_rtc.o ABSOLUTE
    ..\\Library\\Source\\gd32f10x_sdio.c     0x00000000   Number         0  gd32f10x_sdio.o ABSOLUTE
    ..\\Library\\Source\\gd32f10x_spi.c      0x00000000   Number         0  gd32f10x_spi.o ABSOLUTE
    ..\\Library\\Source\\gd32f10x_timer.c    0x00000000   Number         0  gd32f10x_timer.o ABSOLUTE
    ..\\Library\\Source\\gd32f10x_usart.c    0x00000000   Number         0  gd32f10x_usart.o ABSOLUTE
    ..\\Library\\Source\\gd32f10x_wwdgt.c    0x00000000   Number         0  gd32f10x_wwdgt.o ABSOLUTE
    ..\\User\\gd32f10x_eval.c                0x00000000   Number         0  gd32f10x_eval.o ABSOLUTE
    ..\\User\\gd32f10x_it.c                  0x00000000   Number         0  gd32f10x_it.o ABSOLUTE
    ..\\User\\main.c                         0x00000000   Number         0  main.o ABSOLUTE
    ..\\User\\systick.c                      0x00000000   Number         0  systick.o ABSOLUTE
    dc.s                                     0x00000000   Number         0  dc.o ABSOLUTE
    handlers.s                               0x00000000   Number         0  handlers.o ABSOLUTE
    init.s                                   0x00000000   Number         0  init.o ABSOLUTE
    RESET                                    0x08000000   Section      260  startup_gd32f10x_md.o(RESET)
    .ARM.Collect$$$$00000000                 0x08000104   Section        0  entry.o(.ARM.Collect$$$$00000000)
    .ARM.Collect$$$$00000001                 0x08000104   Section        4  entry2.o(.ARM.Collect$$$$00000001)
    .ARM.Collect$$$$00000004                 0x08000108   Section        4  entry5.o(.ARM.Collect$$$$00000004)
    .ARM.Collect$$$$00000008                 0x0800010c   Section        0  entry7b.o(.ARM.Collect$$$$00000008)
    .ARM.Collect$$$$0000000A                 0x0800010c   Section        0  entry8b.o(.ARM.Collect$$$$0000000A)
    .ARM.Collect$$$$0000000B                 0x0800010c   Section        8  entry9a.o(.ARM.Collect$$$$0000000B)
    .ARM.Collect$$$$0000000D                 0x08000114   Section        0  entry10a.o(.ARM.Collect$$$$0000000D)
    .ARM.Collect$$$$0000000F                 0x08000114   Section        0  entry11a.o(.ARM.Collect$$$$0000000F)
    .ARM.Collect$$$$00002712                 0x08000114   Section        4  entry2.o(.ARM.Collect$$$$00002712)
    __lit__00000000                          0x08000114   Data           4  entry2.o(.ARM.Collect$$$$00002712)
    .emb_text                                0x08000118   Section      150  port.o(.emb_text)
    .text                                    0x080001b0   Section       36  startup_gd32f10x_md.o(.text)
    .text                                    0x080001d4   Section        0  memseta.o(.text)
    .text                                    0x080001f8   Section       36  init.o(.text)
    i.BusFault_Handler                       0x0800021c   Section        0  gd32f10x_it.o(i.BusFault_Handler)
    i.DebugMon_Handler                       0x08000220   Section        0  gd32f10x_it.o(i.DebugMon_Handler)
    i.EXTI10_15_IRQHandler                   0x08000222   Section        0  gd32f10x_it.o(i.EXTI10_15_IRQHandler)
    i.HardFault_Handler                      0x0800023e   Section        0  gd32f10x_it.o(i.HardFault_Handler)
    i.MemManage_Handler                      0x08000242   Section        0  gd32f10x_it.o(i.MemManage_Handler)
    i.NMI_Handler                            0x08000246   Section        0  gd32f10x_it.o(i.NMI_Handler)
    i.SysTick_Handler                        0x08000248   Section        0  gd32f10x_it.o(i.SysTick_Handler)
    i.SystemInit                             0x08000250   Section        0  system_gd32f10x.o(i.SystemInit)
    i.Task_Led1                              0x080002b4   Section        0  main.o(i.Task_Led1)
    i.Task_Led2                              0x080002c6   Section        0  main.o(i.Task_Led2)
    i.UsageFault_Handler                     0x080002d8   Section        0  gd32f10x_it.o(i.UsageFault_Handler)
    i.__scatterload_copy                     0x080002dc   Section       14  handlers.o(i.__scatterload_copy)
    i.__scatterload_null                     0x080002ea   Section        2  handlers.o(i.__scatterload_null)
    i.__scatterload_zeroinit                 0x080002ec   Section       14  handlers.o(i.__scatterload_zeroinit)
    i.delay_decrement                        0x080002fc   Section        0  systick.o(i.delay_decrement)
    i.exti_interrupt_flag_clear              0x08000314   Section        0  gd32f10x_exti.o(i.exti_interrupt_flag_clear)
    i.exti_interrupt_flag_get                0x08000320   Section        0  gd32f10x_exti.o(i.exti_interrupt_flag_get)
    i.gd_led_init                            0x08000344   Section        0  gd32f10x_eval.o(i.gd_led_init)
    i.gd_led_off                             0x08000384   Section        0  gd32f10x_eval.o(i.gd_led_off)
    i.gd_led_on                              0x0800039c   Section        0  gd32f10x_eval.o(i.gd_led_on)
    i.gd_led_toggle                          0x080003b4   Section        0  gd32f10x_eval.o(i.gd_led_toggle)
    i.gpio_bit_write                         0x080003ec   Section        0  gd32f10x_gpio.o(i.gpio_bit_write)
    i.gpio_init                              0x080003f6   Section        0  gd32f10x_gpio.o(i.gpio_init)
    i.gpio_input_bit_get                     0x080004a2   Section        0  gd32f10x_gpio.o(i.gpio_input_bit_get)
    i.main                                   0x080004b4   Section        0  main.o(i.main)
    i.nvic_priority_group_set                0x08000514   Section        0  gd32f10x_misc.o(i.nvic_priority_group_set)
    i.prvAddCurrentTaskToDelayedList         0x08000528   Section        0  tasks.o(i.prvAddCurrentTaskToDelayedList)
    prvAddCurrentTaskToDelayedList           0x08000529   Thumb Code   164  tasks.o(i.prvAddCurrentTaskToDelayedList)
    i.prvAddNewTaskToReadyList               0x080005e8   Section        0  tasks.o(i.prvAddNewTaskToReadyList)
    prvAddNewTaskToReadyList                 0x080005e9   Thumb Code   200  tasks.o(i.prvAddNewTaskToReadyList)
    i.prvCheckTasksWaitingTermination        0x080006cc   Section        0  tasks.o(i.prvCheckTasksWaitingTermination)
    prvCheckTasksWaitingTermination          0x080006cd   Thumb Code    60  tasks.o(i.prvCheckTasksWaitingTermination)
    i.prvDeleteTCB                           0x08000714   Section        0  tasks.o(i.prvDeleteTCB)
    prvDeleteTCB                             0x08000715   Thumb Code    18  tasks.o(i.prvDeleteTCB)
    i.prvHeapInit                            0x08000728   Section        0  heap_4.o(i.prvHeapInit)
    prvHeapInit                              0x08000729   Thumb Code    90  heap_4.o(i.prvHeapInit)
    i.prvIdleTask                            0x08000798   Section        0  tasks.o(i.prvIdleTask)
    prvIdleTask                              0x08000799   Thumb Code    32  tasks.o(i.prvIdleTask)
    i.prvInitialiseNewTask                   0x080007c0   Section        0  tasks.o(i.prvInitialiseNewTask)
    prvInitialiseNewTask                     0x080007c1   Thumb Code   122  tasks.o(i.prvInitialiseNewTask)
    i.prvInitialiseTaskLists                 0x0800083c   Section        0  tasks.o(i.prvInitialiseTaskLists)
    prvInitialiseTaskLists                   0x0800083d   Thumb Code    70  tasks.o(i.prvInitialiseTaskLists)
    i.prvInsertBlockIntoFreeList             0x080008a4   Section        0  heap_4.o(i.prvInsertBlockIntoFreeList)
    prvInsertBlockIntoFreeList               0x080008a5   Thumb Code    96  heap_4.o(i.prvInsertBlockIntoFreeList)
    i.prvResetNextTaskUnblockTime            0x0800090c   Section        0  tasks.o(i.prvResetNextTaskUnblockTime)
    prvResetNextTaskUnblockTime              0x0800090d   Thumb Code    40  tasks.o(i.prvResetNextTaskUnblockTime)
    i.prvTaskExitError                       0x0800093c   Section        0  port.o(i.prvTaskExitError)
    prvTaskExitError                         0x0800093d   Thumb Code    22  port.o(i.prvTaskExitError)
    i.pvPortMalloc                           0x08000954   Section        0  heap_4.o(i.pvPortMalloc)
    i.pxPortInitialiseStack                  0x08000a38   Section        0  port.o(i.pxPortInitialiseStack)
    i.rcu_periph_clock_enable                0x08000a5c   Section        0  gd32f10x_rcu.o(i.rcu_periph_clock_enable)
    i.system_clock_108m_hxtal                0x08000a7c   Section        0  system_gd32f10x.o(i.system_clock_108m_hxtal)
    system_clock_108m_hxtal                  0x08000a7d   Thumb Code   182  system_gd32f10x.o(i.system_clock_108m_hxtal)
    i.system_clock_config                    0x08000b40   Section        0  system_gd32f10x.o(i.system_clock_config)
    system_clock_config                      0x08000b41   Thumb Code     8  system_gd32f10x.o(i.system_clock_config)
    i.uxListRemove                           0x08000b48   Section        0  list.o(i.uxListRemove)
    i.vListInitialise                        0x08000b70   Section        0  list.o(i.vListInitialise)
    i.vListInitialiseItem                    0x08000b8a   Section        0  list.o(i.vListInitialiseItem)
    i.vListInsert                            0x08000b90   Section        0  list.o(i.vListInsert)
    i.vPortEnterCritical                     0x08000bc4   Section        0  port.o(i.vPortEnterCritical)
    i.vPortExitCritical                      0x08000be8   Section        0  port.o(i.vPortExitCritical)
    i.vPortFree                              0x08000c08   Section        0  heap_4.o(i.vPortFree)
    i.vPortSetupTimerInterrupt               0x08000c54   Section        0  port.o(i.vPortSetupTimerInterrupt)
    i.vTaskDelay                             0x08000c6c   Section        0  tasks.o(i.vTaskDelay)
    i.vTaskStartScheduler                    0x08000ca0   Section        0  tasks.o(i.vTaskStartScheduler)
    i.vTaskSuspendAll                        0x08000d0c   Section        0  tasks.o(i.vTaskSuspendAll)
    i.vTaskSwitchContext                     0x08000d1c   Section        0  tasks.o(i.vTaskSwitchContext)
    i.xPortStartScheduler                    0x08000d7c   Section        0  port.o(i.xPortStartScheduler)
    i.xTaskCreate                            0x08000db0   Section        0  tasks.o(i.xTaskCreate)
    i.xTaskIncrementTick                     0x08000e18   Section        0  tasks.o(i.xTaskIncrementTick)
    i.xTaskResumeAll                         0x08000fa8   Section        0  tasks.o(i.xTaskResumeAll)
    .data                                    0x20000000   Section        4  systick.o(.data)
    delay                                    0x20000000   Data           4  systick.o(.data)
    .data                                    0x20000004   Section      125  gd32f10x_eval.o(.data)
    LED_GPIO_PORT                            0x20000004   Data          16  gd32f10x_eval.o(.data)
    LED_GPIO_PIN                             0x20000014   Data          16  gd32f10x_eval.o(.data)
    LED_GPIO_CLK                             0x20000024   Data           8  gd32f10x_eval.o(.data)
    COM_CLK                                  0x2000002c   Data           4  gd32f10x_eval.o(.data)
    COM_TX_PIN                               0x20000030   Data           8  gd32f10x_eval.o(.data)
    COM_RX_PIN                               0x20000038   Data           8  gd32f10x_eval.o(.data)
    COM_GPIO_PORT                            0x20000040   Data           8  gd32f10x_eval.o(.data)
    COM_GPIO_CLK                             0x20000048   Data           4  gd32f10x_eval.o(.data)
    KEY_PORT                                 0x2000004c   Data          12  gd32f10x_eval.o(.data)
    KEY_PIN                                  0x20000058   Data          12  gd32f10x_eval.o(.data)
    KEY_CLK                                  0x20000064   Data           6  gd32f10x_eval.o(.data)
    KEY_EXTI_LINE                            0x2000006c   Data          12  gd32f10x_eval.o(.data)
    KEY_PORT_SOURCE                          0x20000078   Data           3  gd32f10x_eval.o(.data)
    KEY_PIN_SOURCE                           0x2000007b   Data           3  gd32f10x_eval.o(.data)
    KEY_IRQn                                 0x2000007e   Data           3  gd32f10x_eval.o(.data)
    .data                                    0x20000084   Section       64  tasks.o(.data)
    pxDelayedTaskList                        0x20000088   Data           4  tasks.o(.data)
    pxOverflowDelayedTaskList                0x2000008c   Data           4  tasks.o(.data)
    uxDeletedTasksWaitingCleanUp             0x20000090   Data           4  tasks.o(.data)
    uxCurrentNumberOfTasks                   0x20000094   Data           4  tasks.o(.data)
    xTickCount                               0x20000098   Data           4  tasks.o(.data)
    uxTopReadyPriority                       0x2000009c   Data           4  tasks.o(.data)
    xSchedulerRunning                        0x200000a0   Data           4  tasks.o(.data)
    xPendedTicks                             0x200000a4   Data           4  tasks.o(.data)
    xYieldPending                            0x200000a8   Data           4  tasks.o(.data)
    xNumOfOverflows                          0x200000ac   Data           4  tasks.o(.data)
    uxTaskNumber                             0x200000b0   Data           4  tasks.o(.data)
    xNextTaskUnblockTime                     0x200000b4   Data           4  tasks.o(.data)
    xIdleTaskHandle                          0x200000b8   Data           4  tasks.o(.data)
    uxSchedulerSuspended                     0x200000c0   Data           4  tasks.o(.data)
    .data                                    0x200000c4   Section       28  heap_4.o(.data)
    xStart                                   0x200000c4   Data           8  heap_4.o(.data)
    pxEnd                                    0x200000cc   Data           4  heap_4.o(.data)
    xFreeBytesRemaining                      0x200000d0   Data           4  heap_4.o(.data)
    xMinimumEverFreeBytesRemaining           0x200000d4   Data           4  heap_4.o(.data)
    xNumberOfSuccessfulAllocations           0x200000d8   Data           4  heap_4.o(.data)
    xNumberOfSuccessfulFrees                 0x200000dc   Data           4  heap_4.o(.data)
    .data                                    0x200000e0   Section        4  port.o(.data)
    uxCriticalNesting                        0x200000e0   Data           4  port.o(.data)
    .bss                                     0x200000e4   Section      200  tasks.o(.bss)
    pxReadyTasksLists                        0x200000e4   Data         100  tasks.o(.bss)
    xDelayedTaskList1                        0x20000148   Data          20  tasks.o(.bss)
    xDelayedTaskList2                        0x2000015c   Data          20  tasks.o(.bss)
    xPendingReadyList                        0x20000170   Data          20  tasks.o(.bss)
    xTasksWaitingTermination                 0x20000184   Data          20  tasks.o(.bss)
    xSuspendedTaskList                       0x20000198   Data          20  tasks.o(.bss)
    .bss                                     0x200001ac   Section    17408  heap_4.o(.bss)
    ucHeap                                   0x200001ac   Data       17408  heap_4.o(.bss)
    STACK                                    0x200045b0   Section     8192  startup_gd32f10x_md.o(STACK)

    Global Symbols

    Symbol Name                              Value     Ov Type        Size  Object(Section)

    BuildAttributes$$THM_ISAv4$P$D$K$B$S$PE$A:L22UL41UL21$X:L11$S22US41US21$IEEE1$IW$USESV6$~STKCKD$USESV7$~SHL$OSPACE$EBA8$MICROLIB$REQ8$PRES8$EABIv2 0x00000000   Number         0  anon$$obj.o ABSOLUTE
    __ARM_use_no_argv                        0x00000000   Number         0  main.o ABSOLUTE
    __cpp_initialize__aeabi_                  - Undefined Weak Reference
    __cxa_finalize                            - Undefined Weak Reference
    __decompress                              - Undefined Weak Reference
    _clock_init                               - Undefined Weak Reference
    _microlib_exit                            - Undefined Weak Reference
    __Vectors_Size                           0x00000104   Number         0  startup_gd32f10x_md.o ABSOLUTE
    __Vectors                                0x08000000   Data           4  startup_gd32f10x_md.o(RESET)
    __Vectors_End                            0x08000104   Data           0  startup_gd32f10x_md.o(RESET)
    __main                                   0x08000105   Thumb Code     0  entry.o(.ARM.Collect$$$$00000000)
    _main_stk                                0x08000105   Thumb Code     0  entry2.o(.ARM.Collect$$$$00000001)
    _main_scatterload                        0x08000109   Thumb Code     0  entry5.o(.ARM.Collect$$$$00000004)
    __main_after_scatterload                 0x0800010d   Thumb Code     0  entry5.o(.ARM.Collect$$$$00000004)
    _main_clock                              0x0800010d   Thumb Code     0  entry7b.o(.ARM.Collect$$$$00000008)
    _main_cpp_init                           0x0800010d   Thumb Code     0  entry8b.o(.ARM.Collect$$$$0000000A)
    _main_init                               0x0800010d   Thumb Code     0  entry9a.o(.ARM.Collect$$$$0000000B)
    __rt_final_cpp                           0x08000115   Thumb Code     0  entry10a.o(.ARM.Collect$$$$0000000D)
    __rt_final_exit                          0x08000115   Thumb Code     0  entry11a.o(.ARM.Collect$$$$0000000F)
    SVC_Handler                              0x08000119   Thumb Code    32  port.o(.emb_text)
    __asm___6_port_c_39a90d8d__prvStartFirstTask 0x0800013d   Thumb Code    28  port.o(.emb_text)
    PendSV_Handler                           0x0800015d   Thumb Code    72  port.o(.emb_text)
    vPortGetIPSR                             0x080001a9   Thumb Code     6  port.o(.emb_text)
    Reset_Handler                            0x080001b1   Thumb Code     8  startup_gd32f10x_md.o(.text)
    ADC0_1_IRQHandler                        0x080001cb   Thumb Code     0  startup_gd32f10x_md.o(.text)
    CAN0_EWMC_IRQHandler                     0x080001cb   Thumb Code     0  startup_gd32f10x_md.o(.text)
    CAN0_RX1_IRQHandler                      0x080001cb   Thumb Code     0  startup_gd32f10x_md.o(.text)
    DMA0_Channel0_IRQHandler                 0x080001cb   Thumb Code     0  startup_gd32f10x_md.o(.text)
    DMA0_Channel1_IRQHandler                 0x080001cb   Thumb Code     0  startup_gd32f10x_md.o(.text)
    DMA0_Channel2_IRQHandler                 0x080001cb   Thumb Code     0  startup_gd32f10x_md.o(.text)
    DMA0_Channel3_IRQHandler                 0x080001cb   Thumb Code     0  startup_gd32f10x_md.o(.text)
    DMA0_Channel4_IRQHandler                 0x080001cb   Thumb Code     0  startup_gd32f10x_md.o(.text)
    DMA0_Channel5_IRQHandler                 0x080001cb   Thumb Code     0  startup_gd32f10x_md.o(.text)
    DMA0_Channel6_IRQHandler                 0x080001cb   Thumb Code     0  startup_gd32f10x_md.o(.text)
    EXMC_IRQHandler                          0x080001cb   Thumb Code     0  startup_gd32f10x_md.o(.text)
    EXTI0_IRQHandler                         0x080001cb   Thumb Code     0  startup_gd32f10x_md.o(.text)
    EXTI1_IRQHandler                         0x080001cb   Thumb Code     0  startup_gd32f10x_md.o(.text)
    EXTI2_IRQHandler                         0x080001cb   Thumb Code     0  startup_gd32f10x_md.o(.text)
    EXTI3_IRQHandler                         0x080001cb   Thumb Code     0  startup_gd32f10x_md.o(.text)
    EXTI4_IRQHandler                         0x080001cb   Thumb Code     0  startup_gd32f10x_md.o(.text)
    EXTI5_9_IRQHandler                       0x080001cb   Thumb Code     0  startup_gd32f10x_md.o(.text)
    FMC_IRQHandler                           0x080001cb   Thumb Code     0  startup_gd32f10x_md.o(.text)
    I2C0_ER_IRQHandler                       0x080001cb   Thumb Code     0  startup_gd32f10x_md.o(.text)
    I2C0_EV_IRQHandler                       0x080001cb   Thumb Code     0  startup_gd32f10x_md.o(.text)
    I2C1_ER_IRQHandler                       0x080001cb   Thumb Code     0  startup_gd32f10x_md.o(.text)
    I2C1_EV_IRQHandler                       0x080001cb   Thumb Code     0  startup_gd32f10x_md.o(.text)
    LVD_IRQHandler                           0x080001cb   Thumb Code     0  startup_gd32f10x_md.o(.text)
    RCU_IRQHandler                           0x080001cb   Thumb Code     0  startup_gd32f10x_md.o(.text)
    RTC_Alarm_IRQHandler                     0x080001cb   Thumb Code     0  startup_gd32f10x_md.o(.text)
    RTC_IRQHandler                           0x080001cb   Thumb Code     0  startup_gd32f10x_md.o(.text)
    SPI0_IRQHandler                          0x080001cb   Thumb Code     0  startup_gd32f10x_md.o(.text)
    SPI1_IRQHandler                          0x080001cb   Thumb Code     0  startup_gd32f10x_md.o(.text)
    TAMPER_IRQHandler                        0x080001cb   Thumb Code     0  startup_gd32f10x_md.o(.text)
    TIMER0_BRK_IRQHandler                    0x080001cb   Thumb Code     0  startup_gd32f10x_md.o(.text)
    TIMER0_Channel_IRQHandler                0x080001cb   Thumb Code     0  startup_gd32f10x_md.o(.text)
    TIMER0_TRG_CMT_IRQHandler                0x080001cb   Thumb Code     0  startup_gd32f10x_md.o(.text)
    TIMER0_UP_IRQHandler                     0x080001cb   Thumb Code     0  startup_gd32f10x_md.o(.text)
    TIMER1_IRQHandler                        0x080001cb   Thumb Code     0  startup_gd32f10x_md.o(.text)
    TIMER2_IRQHandler                        0x080001cb   Thumb Code     0  startup_gd32f10x_md.o(.text)
    TIMER3_IRQHandler                        0x080001cb   Thumb Code     0  startup_gd32f10x_md.o(.text)
    USART0_IRQHandler                        0x080001cb   Thumb Code     0  startup_gd32f10x_md.o(.text)
    USART1_IRQHandler                        0x080001cb   Thumb Code     0  startup_gd32f10x_md.o(.text)
    USART2_IRQHandler                        0x080001cb   Thumb Code     0  startup_gd32f10x_md.o(.text)
    USBD_HP_CAN0_TX_IRQHandler               0x080001cb   Thumb Code     0  startup_gd32f10x_md.o(.text)
    USBD_LP_CAN0_RX0_IRQHandler              0x080001cb   Thumb Code     0  startup_gd32f10x_md.o(.text)
    USBD_WKUP_IRQHandler                     0x080001cb   Thumb Code     0  startup_gd32f10x_md.o(.text)
    WWDGT_IRQHandler                         0x080001cb   Thumb Code     0  startup_gd32f10x_md.o(.text)
    __aeabi_memset                           0x080001d5   Thumb Code    14  memseta.o(.text)
    __aeabi_memset4                          0x080001d5   Thumb Code     0  memseta.o(.text)
    __aeabi_memset8                          0x080001d5   Thumb Code     0  memseta.o(.text)
    __aeabi_memclr                           0x080001e3   Thumb Code     4  memseta.o(.text)
    __aeabi_memclr4                          0x080001e3   Thumb Code     0  memseta.o(.text)
    __aeabi_memclr8                          0x080001e3   Thumb Code     0  memseta.o(.text)
    _memset$wrapper                          0x080001e7   Thumb Code    18  memseta.o(.text)
    __scatterload                            0x080001f9   Thumb Code    28  init.o(.text)
    __scatterload_rt2                        0x080001f9   Thumb Code     0  init.o(.text)
    BusFault_Handler                         0x0800021d   Thumb Code     4  gd32f10x_it.o(i.BusFault_Handler)
    DebugMon_Handler                         0x08000221   Thumb Code     2  gd32f10x_it.o(i.DebugMon_Handler)
    EXTI10_15_IRQHandler                     0x08000223   Thumb Code    28  gd32f10x_it.o(i.EXTI10_15_IRQHandler)
    HardFault_Handler                        0x0800023f   Thumb Code     4  gd32f10x_it.o(i.HardFault_Handler)
    MemManage_Handler                        0x08000243   Thumb Code     4  gd32f10x_it.o(i.MemManage_Handler)
    NMI_Handler                              0x08000247   Thumb Code     2  gd32f10x_it.o(i.NMI_Handler)
    SysTick_Handler                          0x08000249   Thumb Code     8  gd32f10x_it.o(i.SysTick_Handler)
    SystemInit                               0x08000251   Thumb Code    84  system_gd32f10x.o(i.SystemInit)
    Task_Led1                                0x080002b5   Thumb Code    18  main.o(i.Task_Led1)
    Task_Led2                                0x080002c7   Thumb Code    18  main.o(i.Task_Led2)
    UsageFault_Handler                       0x080002d9   Thumb Code     4  gd32f10x_it.o(i.UsageFault_Handler)
    __scatterload_copy                       0x080002dd   Thumb Code    14  handlers.o(i.__scatterload_copy)
    __scatterload_null                       0x080002eb   Thumb Code     2  handlers.o(i.__scatterload_null)
    __scatterload_zeroinit                   0x080002ed   Thumb Code    14  handlers.o(i.__scatterload_zeroinit)
    delay_decrement                          0x080002fd   Thumb Code    18  systick.o(i.delay_decrement)
    exti_interrupt_flag_clear                0x08000315   Thumb Code     6  gd32f10x_exti.o(i.exti_interrupt_flag_clear)
    exti_interrupt_flag_get                  0x08000321   Thumb Code    32  gd32f10x_exti.o(i.exti_interrupt_flag_get)
    gd_led_init                              0x08000345   Thumb Code    50  gd32f10x_eval.o(i.gd_led_init)
    gd_led_off                               0x08000385   Thumb Code    16  gd32f10x_eval.o(i.gd_led_off)
    gd_led_on                                0x0800039d   Thumb Code    16  gd32f10x_eval.o(i.gd_led_on)
    gd_led_toggle                            0x080003b5   Thumb Code    46  gd32f10x_eval.o(i.gd_led_toggle)
    gpio_bit_write                           0x080003ed   Thumb Code    10  gd32f10x_gpio.o(i.gpio_bit_write)
    gpio_init                                0x080003f7   Thumb Code   172  gd32f10x_gpio.o(i.gpio_init)
    gpio_input_bit_get                       0x080004a3   Thumb Code    16  gd32f10x_gpio.o(i.gpio_input_bit_get)
    main                                     0x080004b5   Thumb Code    64  main.o(i.main)
    nvic_priority_group_set                  0x08000515   Thumb Code    10  gd32f10x_misc.o(i.nvic_priority_group_set)
    pvPortMalloc                             0x08000955   Thumb Code   208  heap_4.o(i.pvPortMalloc)
    pxPortInitialiseStack                    0x08000a39   Thumb Code    30  port.o(i.pxPortInitialiseStack)
    rcu_periph_clock_enable                  0x08000a5d   Thumb Code    28  gd32f10x_rcu.o(i.rcu_periph_clock_enable)
    uxListRemove                             0x08000b49   Thumb Code    40  list.o(i.uxListRemove)
    vListInitialise                          0x08000b71   Thumb Code    26  list.o(i.vListInitialise)
    vListInitialiseItem                      0x08000b8b   Thumb Code     6  list.o(i.vListInitialiseItem)
    vListInsert                              0x08000b91   Thumb Code    52  list.o(i.vListInsert)
    vPortEnterCritical                       0x08000bc5   Thumb Code    30  port.o(i.vPortEnterCritical)
    vPortExitCritical                        0x08000be9   Thumb Code    28  port.o(i.vPortExitCritical)
    vPortFree                                0x08000c09   Thumb Code    68  heap_4.o(i.vPortFree)
    vPortSetupTimerInterrupt                 0x08000c55   Thumb Code    20  port.o(i.vPortSetupTimerInterrupt)
    vTaskDelay                               0x08000c6d   Thumb Code    46  tasks.o(i.vTaskDelay)
    vTaskStartScheduler                      0x08000ca1   Thumb Code    76  tasks.o(i.vTaskStartScheduler)
    vTaskSuspendAll                          0x08000d0d   Thumb Code    12  tasks.o(i.vTaskSuspendAll)
    vTaskSwitchContext                       0x08000d1d   Thumb Code    76  tasks.o(i.vTaskSwitchContext)
    xPortStartScheduler                      0x08000d7d   Thumb Code    42  port.o(i.xPortStartScheduler)
    xTaskCreate                              0x08000db1   Thumb Code   104  tasks.o(i.xTaskCreate)
    xTaskIncrementTick                       0x08000e19   Thumb Code   356  tasks.o(i.xTaskIncrementTick)
    xTaskResumeAll                           0x08000fa9   Thumb Code   310  tasks.o(i.xTaskResumeAll)
    Region$$Table$$Base                      0x08001104   Number         0  anon$$obj.o(Region$$Table)
    Region$$Table$$Limit                     0x08001124   Number         0  anon$$obj.o(Region$$Table)
    pxCurrentTCB                             0x20000084   Data           4  tasks.o(.data)
    uxTopUsedPriority                        0x200000bc   Data           4  tasks.o(.data)
    __initial_sp                             0x200065b0   Data           0  startup_gd32f10x_md.o(STACK)



==============================================================================

Memory Map of the image

  Image Entry point : 0x08000105

  Load Region LR_IROM1 (Base: 0x08000000, Size: 0x00001208, Max: 0x00080000, ABSOLUTE)

    Execution Region ER_IROM1 (Exec base: 0x08000000, Load base: 0x08000000, Size: 0x00001124, Max: 0x00080000, ABSOLUTE)

    Exec Addr    Load Addr    Size         Type   Attr      Idx    E Section Name        Object

    0x08000000   0x08000000   0x00000104   Data   RO          139    RESET               startup_gd32f10x_md.o
    0x08000104   0x08000104   0x00000000   Code   RO         4763  * .ARM.Collect$$$$00000000  mc_w.l(entry.o)
    0x08000104   0x08000104   0x00000004   Code   RO         4772    .ARM.Collect$$$$00000001  mc_w.l(entry2.o)
    0x08000108   0x08000108   0x00000004   Code   RO         4775    .ARM.Collect$$$$00000004  mc_w.l(entry5.o)
    0x0800010c   0x0800010c   0x00000000   Code   RO         4777    .ARM.Collect$$$$00000008  mc_w.l(entry7b.o)
    0x0800010c   0x0800010c   0x00000000   Code   RO         4779    .ARM.Collect$$$$0000000A  mc_w.l(entry8b.o)
    0x0800010c   0x0800010c   0x00000008   Code   RO         4780    .ARM.Collect$$$$0000000B  mc_w.l(entry9a.o)
    0x08000114   0x08000114   0x00000000   Code   RO         4782    .ARM.Collect$$$$0000000D  mc_w.l(entry10a.o)
    0x08000114   0x08000114   0x00000000   Code   RO         4784    .ARM.Collect$$$$0000000F  mc_w.l(entry11a.o)
    0x08000114   0x08000114   0x00000004   Code   RO         4773    .ARM.Collect$$$$00002712  mc_w.l(entry2.o)
    0x08000118   0x08000118   0x00000096   Code   RO         4692    .emb_text           port.o
    0x080001ae   0x080001ae   0x00000002   PAD
    0x080001b0   0x080001b0   0x00000024   Code   RO          140    .text               startup_gd32f10x_md.o
    0x080001d4   0x080001d4   0x00000024   Code   RO         4768    .text               mc_w.l(memseta.o)
    0x080001f8   0x080001f8   0x00000024   Code   RO         4786    .text               mc_w.l(init.o)
    0x0800021c   0x0800021c   0x00000004   Code   RO         3676    i.BusFault_Handler  gd32f10x_it.o
    0x08000220   0x08000220   0x00000002   Code   RO         3677    i.DebugMon_Handler  gd32f10x_it.o
    0x08000222   0x08000222   0x0000001c   Code   RO         3678    i.EXTI10_15_IRQHandler  gd32f10x_it.o
    0x0800023e   0x0800023e   0x00000004   Code   RO         3679    i.HardFault_Handler  gd32f10x_it.o
    0x08000242   0x08000242   0x00000004   Code   RO         3680    i.MemManage_Handler  gd32f10x_it.o
    0x08000246   0x08000246   0x00000002   Code   RO         3681    i.NMI_Handler       gd32f10x_it.o
    0x08000248   0x08000248   0x00000008   Code   RO         3682    i.SysTick_Handler   gd32f10x_it.o
    0x08000250   0x08000250   0x00000064   Code   RO            4    i.SystemInit        system_gd32f10x.o
    0x080002b4   0x080002b4   0x00000012   Code   RO         3747    i.Task_Led1         main.o
    0x080002c6   0x080002c6   0x00000012   Code   RO         3748    i.Task_Led2         main.o
    0x080002d8   0x080002d8   0x00000004   Code   RO         3683    i.UsageFault_Handler  gd32f10x_it.o
    0x080002dc   0x080002dc   0x0000000e   Code   RO         4790    i.__scatterload_copy  mc_w.l(handlers.o)
    0x080002ea   0x080002ea   0x00000002   Code   RO         4791    i.__scatterload_null  mc_w.l(handlers.o)
    0x080002ec   0x080002ec   0x0000000e   Code   RO         4792    i.__scatterload_zeroinit  mc_w.l(handlers.o)
    0x080002fa   0x080002fa   0x00000002   PAD
    0x080002fc   0x080002fc   0x00000018   Code   RO         3811    i.delay_decrement   systick.o
    0x08000314   0x08000314   0x0000000c   Code   RO         1297    i.exti_interrupt_flag_clear  gd32f10x_exti.o
    0x08000320   0x08000320   0x00000024   Code   RO         1298    i.exti_interrupt_flag_get  gd32f10x_exti.o
    0x08000344   0x08000344   0x00000040   Code   RO         3855    i.gd_led_init       gd32f10x_eval.o
    0x08000384   0x08000384   0x00000018   Code   RO         3856    i.gd_led_off        gd32f10x_eval.o
    0x0800039c   0x0800039c   0x00000018   Code   RO         3857    i.gd_led_on         gd32f10x_eval.o
    0x080003b4   0x080003b4   0x00000038   Code   RO         3858    i.gd_led_toggle     gd32f10x_eval.o
    0x080003ec   0x080003ec   0x0000000a   Code   RO         1646    i.gpio_bit_write    gd32f10x_gpio.o
    0x080003f6   0x080003f6   0x000000ac   Code   RO         1652    i.gpio_init         gd32f10x_gpio.o
    0x080004a2   0x080004a2   0x00000010   Code   RO         1653    i.gpio_input_bit_get  gd32f10x_gpio.o
    0x080004b2   0x080004b2   0x00000002   PAD
    0x080004b4   0x080004b4   0x00000060   Code   RO         3749    i.main              main.o
    0x08000514   0x08000514   0x00000014   Code   RO         1961    i.nvic_priority_group_set  gd32f10x_misc.o
    0x08000528   0x08000528   0x000000c0   Code   RO         4325    i.prvAddCurrentTaskToDelayedList  tasks.o
    0x080005e8   0x080005e8   0x000000e4   Code   RO         4326    i.prvAddNewTaskToReadyList  tasks.o
    0x080006cc   0x080006cc   0x00000048   Code   RO         4327    i.prvCheckTasksWaitingTermination  tasks.o
    0x08000714   0x08000714   0x00000012   Code   RO         4328    i.prvDeleteTCB      tasks.o
    0x08000726   0x08000726   0x00000002   PAD
    0x08000728   0x08000728   0x00000070   Code   RO         4631    i.prvHeapInit       heap_4.o
    0x08000798   0x08000798   0x00000028   Code   RO         4329    i.prvIdleTask       tasks.o
    0x080007c0   0x080007c0   0x0000007a   Code   RO         4330    i.prvInitialiseNewTask  tasks.o
    0x0800083a   0x0800083a   0x00000002   PAD
    0x0800083c   0x0800083c   0x00000068   Code   RO         4331    i.prvInitialiseTaskLists  tasks.o
    0x080008a4   0x080008a4   0x00000068   Code   RO         4632    i.prvInsertBlockIntoFreeList  heap_4.o
    0x0800090c   0x0800090c   0x00000030   Code   RO         4332    i.prvResetNextTaskUnblockTime  tasks.o
    0x0800093c   0x0800093c   0x00000016   Code   RO         4693    i.prvTaskExitError  port.o
    0x08000952   0x08000952   0x00000002   PAD
    0x08000954   0x08000954   0x000000e4   Code   RO         4634    i.pvPortMalloc      heap_4.o
    0x08000a38   0x08000a38   0x00000024   Code   RO         4694    i.pxPortInitialiseStack  port.o
    0x08000a5c   0x08000a5c   0x00000020   Code   RO         2127    i.rcu_periph_clock_enable  gd32f10x_rcu.o
    0x08000a7c   0x08000a7c   0x000000c4   Code   RO            5    i.system_clock_108m_hxtal  system_gd32f10x.o
    0x08000b40   0x08000b40   0x00000008   Code   RO            6    i.system_clock_config  system_gd32f10x.o
    0x08000b48   0x08000b48   0x00000028   Code   RO         4009    i.uxListRemove      list.o
    0x08000b70   0x08000b70   0x0000001a   Code   RO         4010    i.vListInitialise   list.o
    0x08000b8a   0x08000b8a   0x00000006   Code   RO         4011    i.vListInitialiseItem  list.o
    0x08000b90   0x08000b90   0x00000034   Code   RO         4012    i.vListInsert       list.o
    0x08000bc4   0x08000bc4   0x00000024   Code   RO         4696    i.vPortEnterCritical  port.o
    0x08000be8   0x08000be8   0x00000020   Code   RO         4697    i.vPortExitCritical  port.o
    0x08000c08   0x08000c08   0x0000004c   Code   RO         4635    i.vPortFree         heap_4.o
    0x08000c54   0x08000c54   0x00000018   Code   RO         4698    i.vPortSetupTimerInterrupt  port.o
    0x08000c6c   0x08000c6c   0x00000034   Code   RO         4340    i.vTaskDelay        tasks.o
    0x08000ca0   0x08000ca0   0x0000006c   Code   RO         4352    i.vTaskStartScheduler  tasks.o
    0x08000d0c   0x08000d0c   0x00000010   Code   RO         4354    i.vTaskSuspendAll   tasks.o
    0x08000d1c   0x08000d1c   0x00000060   Code   RO         4355    i.vTaskSwitchContext  tasks.o
    0x08000d7c   0x08000d7c   0x00000034   Code   RO         4699    i.xPortStartScheduler  port.o
    0x08000db0   0x08000db0   0x00000068   Code   RO         4358    i.xTaskCreate       tasks.o
    0x08000e18   0x08000e18   0x00000190   Code   RO         4367    i.xTaskIncrementTick  tasks.o
    0x08000fa8   0x08000fa8   0x0000015c   Code   RO         4369    i.xTaskResumeAll    tasks.o
    0x08001104   0x08001104   0x00000020   Data   RO         4788    Region$$Table       anon$$obj.o


    Execution Region RW_IRAM1 (Exec base: 0x20000000, Load base: 0x08001124, Size: 0x000065b0, Max: 0x00010000, ABSOLUTE)

    Exec Addr    Load Addr    Size         Type   Attr      Idx    E Section Name        Object

    0x20000000   0x08001124   0x00000004   Data   RW         3813    .data               systick.o
    0x20000004   0x08001128   0x0000007d   Data   RW         3859    .data               gd32f10x_eval.o
    0x20000081   0x080011a5   0x00000003   PAD
    0x20000084   0x080011a8   0x00000040   Data   RW         4372    .data               tasks.o
    0x200000c4   0x080011e8   0x0000001c   Data   RW         4641    .data               heap_4.o
    0x200000e0   0x08001204   0x00000004   Data   RW         4701    .data               port.o
    0x200000e4        -       0x000000c8   Zero   RW         4371    .bss                tasks.o
    0x200001ac        -       0x00004400   Zero   RW         4640    .bss                heap_4.o
    0x200045ac   0x08001208   0x00000004   PAD
    0x200045b0        -       0x00002000   Zero   RW          137    STACK               startup_gd32f10x_md.o


==============================================================================

Image component sizes


      Code (inc. data)   RO Data    RW Data    ZI Data      Debug   Object Name

       168         40          0        125          0       2835   gd32f10x_eval.o
        48         10          0          0          0       1142   gd32f10x_exti.o
       198          0          0          0          0       1950   gd32f10x_gpio.o
        56          0          0          0          0       4266   gd32f10x_it.o
        20         10          0          0          0        498   gd32f10x_misc.o
        32          4          0          0          0        490   gd32f10x_rcu.o
       520         58          0         28      17408       4543   heap_4.o
       124          0          0          0          0       2521   list.o
       132         32          0          0          0      10415   main.o
       352         42          0          4          0       8486   port.o
        36          8        260          0       8192        784   startup_gd32f10x_md.o
       304         30          0          0          0      38461   system_gd32f10x.o
        24          6          0          4          0        878   systick.o
      1948        262          0         64        200      25535   tasks.o

    ----------------------------------------------------------------------
      3972        502        292        228      25804     102804   Object Totals
         0          0         32          0          0          0   (incl. Generated)
        10          0          0          3          4          0   (incl. Padding)

    ----------------------------------------------------------------------

      Code (inc. data)   RO Data    RW Data    ZI Data      Debug   Library Member Name

         0          0          0          0          0          0   entry.o
         0          0          0          0          0          0   entry10a.o
         0          0          0          0          0          0   entry11a.o
         8          4          0          0          0          0   entry2.o
         4          0          0          0          0          0   entry5.o
         0          0          0          0          0          0   entry7b.o
         0          0          0          0          0          0   entry8b.o
         8          4          0          0          0          0   entry9a.o
        30          0          0          0          0          0   handlers.o
        36          8          0          0          0         68   init.o
        36          0          0          0          0        108   memseta.o

    ----------------------------------------------------------------------
       124         16          0          0          0        176   Library Totals
         2          0          0          0          0          0   (incl. Padding)

    ----------------------------------------------------------------------

      Code (inc. data)   RO Data    RW Data    ZI Data      Debug   Library Name

       122         16          0          0          0        176   mc_w.l

    ----------------------------------------------------------------------
       124         16          0          0          0        176   Library Totals

    ----------------------------------------------------------------------

==============================================================================


      Code (inc. data)   RO Data    RW Data    ZI Data      Debug   

      4096        518        292        228      25804     100428   Grand Totals
      4096        518        292        228      25804     100428   ELF Image Totals
      4096        518        292        228          0          0   ROM Totals

==============================================================================

    Total RO  Size (Code + RO Data)                 4388 (   4.29kB)
    Total RW  Size (RW Data + ZI Data)             26032 (  25.42kB)
    Total ROM Size (Code + RO Data + RW Data)       4616 (   4.51kB)

==============================================================================

